Component: ARM Compiler 5.05 (build 41) Tool: armlink [4d0eb9]

==============================================================================

Section Cross References

    main.o(.text) refers to _printf_percent.o(.ARM.Collect$$_printf_percent$$00000000) for _printf_percent
    main.o(.text) refers to _printf_s.o(.ARM.Collect$$_printf_percent$$00000014) for _printf_s
    main.o(.text) refers to _printf_str.o(.text) for _printf_str
    main.o(.text) refers to _printf_d.o(.ARM.Collect$$_printf_percent$$00000009) for _printf_d
    main.o(.text) refers to _printf_dec.o(.text) for _printf_int_dec
    main.o(.text) refers to tft_driver.o(.text) for TFT_Clear
    main.o(.text) refers to delay.o(.text) for delay_ms
    main.o(.text) refers to ff.o(.text) for f_getfree
    main.o(.text) refers to noretval__2printf.o(.text) for __2printf
    main.o(.text) refers to strlen.o(.text) for strlen
    main.o(.text) refers to noretval__2sprintf.o(.text) for __2sprintf
    main.o(.text) refers to main.o(.data) for Num
    main.o(.text) refers to main.o(.bss) for lfn
    main.o(.text) refers to spi_msd0_driver.o(.text) for MSD0_SPI_Configuration
    main.o(.text) refers to system_stm32f10x.o(.text) for SystemInit
    main.o(.text) refers to usart.o(.text) for uart_init
    main.o(.text) refers to main.o(.conststring) for .conststring
    system_stm32f10x.o(.text) refers to system_stm32f10x.o(.data) for SystemCoreClock
    led.o(.text) refers to stm32f10x_rcc.o(.text) for RCC_APB2PeriphClockCmd
    led.o(.text) refers to stm32f10x_gpio.o(.text) for GPIO_Init
    tft_driver.o(.text) refers to stm32f10x_rcc.o(.text) for RCC_APB2PeriphClockCmd
    tft_driver.o(.text) refers to stm32f10x_gpio.o(.text) for GPIO_Init
    tft_driver.o(.text) refers to stm32f10x_spi.o(.text) for SPI_Init
    tft_driver.o(.text) refers to delay.o(.text) for delay_ms
    tft_driver.o(.text) refers to tft_driver.o(.constdata) for asc16
    ff.o(.text) refers to diskio.o(.text) for disk_write
    ff.o(.text) refers to ccsbcs.o(.text) for ff_wtoupper
    ff.o(.text) refers to ff.o(.constdata) for LfnOfs
    ff.o(.text) refers to ff.o(.data) for FatFs
    ff.o(.text) refers to ff.o(.bss) for LfnBuf
    diskio.o(.text) refers to spi_msd0_driver.o(.text) for MSD0_Init
    diskio.o(.text) refers to spi_msd0_driver.o(.bss) for SD0_CardInfo
    ccsbcs.o(.text) refers to ccsbcs.o(.constdata) for Tbl
    spi_msd0_driver.o(.text) refers to stm32f10x_spi.o(.text) for SPI_Init
    spi_msd0_driver.o(.text) refers to stm32f10x_rcc.o(.text) for RCC_APB2PeriphClockCmd
    spi_msd0_driver.o(.text) refers to stm32f10x_gpio.o(.text) for GPIO_Init
    spi_msd0_driver.o(.text) refers to spi_msd0_driver.o(i.MSD0_spi_read_write) for MSD0_spi_read_write
    spi_msd0_driver.o(.text) refers to spi_msd0_driver.o(.bss) for SD0_CardInfo
    delay.o(.text) refers to misc.o(.text) for SysTick_CLKSourceConfig
    delay.o(.text) refers to delay.o(.data) for fac_us
    sys.o(.text) refers to misc.o(.text) for NVIC_PriorityGroupConfig
    usart.o(.text) refers (Special) to use_no_semi_2.o(.text) for __use_no_semihosting
    usart.o(.text) refers to stm32f10x_rcc.o(.text) for RCC_APB2PeriphClockCmd
    usart.o(.text) refers to stm32f10x_gpio.o(.text) for GPIO_Init
    usart.o(.text) refers to misc.o(.text) for NVIC_Init
    usart.o(.text) refers to stm32f10x_usart.o(.text) for USART_Init
    usart.o(.text) refers to usart.o(.data) for USART_RX_STA
    usart.o(.text) refers to usart.o(.bss) for USART_RX_BUF
    usart.o(.bss) refers (Special) to use_no_semi_2.o(.text) for __use_no_semihosting
    usart.o(.data) refers (Special) to use_no_semi_2.o(.text) for __use_no_semihosting
    startup_stm32f10x_md.o(STACK) refers (Special) to heapauxi.o(.text) for __use_two_region_memory
    startup_stm32f10x_md.o(HEAP) refers (Special) to heapauxi.o(.text) for __use_two_region_memory
    startup_stm32f10x_md.o(RESET) refers (Special) to heapauxi.o(.text) for __use_two_region_memory
    startup_stm32f10x_md.o(RESET) refers to startup_stm32f10x_md.o(STACK) for __initial_sp
    startup_stm32f10x_md.o(RESET) refers to startup_stm32f10x_md.o(.text) for Reset_Handler
    startup_stm32f10x_md.o(RESET) refers to stm32f10x_it.o(.text) for NMI_Handler
    startup_stm32f10x_md.o(RESET) refers to usart.o(.text) for USART1_IRQHandler
    startup_stm32f10x_md.o(.text) refers (Special) to heapauxi.o(.text) for __use_two_region_memory
    startup_stm32f10x_md.o(.text) refers to system_stm32f10x.o(.text) for SystemInit
    startup_stm32f10x_md.o(.text) refers to __main.o(!!!main) for __main
    startup_stm32f10x_md.o(.text) refers to startup_stm32f10x_md.o(HEAP) for Heap_Mem
    startup_stm32f10x_md.o(.text) refers to startup_stm32f10x_md.o(STACK) for Stack_Mem
    stm32f10x_can.o(.text) refers to stm32f10x_rcc.o(.text) for RCC_APB1PeriphResetCmd
    stm32f10x_dac.o(.text) refers to stm32f10x_rcc.o(.text) for RCC_APB1PeriphResetCmd
[...]
    __printf_flags_wp.o(.text) refers to _printf_percent.o(.ARM.Collect$$_printf_percent$$00000000) for _printf_percent
    __printf_flags_wp.o(.text) refers to __printf_flags_wp.o(.constdata) for .constdata
    __printf_ss_wp.o(.text) refers to __printf_wp.o(i._is_digit) for _is_digit
    __printf_ss_wp.o(.text) refers to _printf_percent.o(.ARM.Collect$$_printf_percent$$00000000) for _printf_percent
    __printf_flags_ss_wp.o(.text) refers to __printf_wp.o(i._is_digit) for _is_digit
    __printf_flags_ss_wp.o(.text) refers to _printf_percent.o(.ARM.Collect$$_printf_percent$$00000000) for _printf_percent
    __printf_flags_ss_wp.o(.text) refers to __printf_flags_ss_wp.o(.constdata) for .constdata
    _printf_s.o(.ARM.Collect$$_printf_percent$$00000014) refers (Weak) to _printf_char.o(.text) for _printf_string
    _printf_d.o(.ARM.Collect$$_printf_percent$$00000009) refers (Weak) to _printf_dec.o(.text) for _printf_int_dec
    _printf_percent.o(.ARM.Collect$$_printf_percent$$00000000) refers (Special) to _printf_percent_end.o(.ARM.Collect$$_printf_percent$$00000017) for _printf_percent_end
    __main.o(!!!main) refers to __rtentry.o(.ARM.Collect$$rtentry$$00000000) for __rt_entry
    __rtentry.o(.ARM.Collect$$rtentry$$00000000) refers (Special) to __rtentry2.o(.ARM.Collect$$rtentry$$0000000A) for __rt_entry_li
    __rtentry.o(.ARM.Collect$$rtentry$$00000000) refers (Special) to __rtentry2.o(.ARM.Collect$$rtentry$$0000000D) for __rt_entry_main
    __rtentry.o(.ARM.Collect$$rtentry$$00000000) refers (Special) to __rtentry2.o(.ARM.Collect$$rtentry$$0000000C) for __rt_entry_postli_1
    __rtentry.o(.ARM.Collect$$rtentry$$00000000) refers (Special) to __rtentry2.o(.ARM.Collect$$rtentry$$00000009) for __rt_entry_postsh_1
    __rtentry.o(.ARM.Collect$$rtentry$$00000000) refers (Special) to __rtentry2.o(.ARM.Collect$$rtentry$$00000002) for __rt_entry_presh_1
    __rtentry.o(.ARM.Collect$$rtentry$$00000000) refers (Special) to __rtentry4.o(.ARM.Collect$$rtentry$$00000004) for __rt_entry_sh
    _printf_char_common.o(.text) refers to __printf.o(.text) for __printf
    _printf_char.o(.text) refers (Weak) to _printf_str.o(.text) for _printf_str
    _printf_char_file.o(.text) refers to _printf_char_common.o(.text) for _printf_char_common
    _printf_char_file.o(.text) refers to ferror.o(.text) for ferror
    _printf_char_file.o(.text) refers to usart.o(.text) for fputc
    __rtentry2.o(.ARM.Collect$$rtentry$$00000008) refers to boardinit2.o(.text) for _platform_post_stackheap_init
    __rtentry2.o(.ARM.Collect$$rtentry$$0000000A) refers to libinit.o(.ARM.Collect$$libinit$$00000000) for __rt_lib_init
    __rtentry2.o(.ARM.Collect$$rtentry$$0000000B) refers to boardinit3.o(.text) for _platform_post_lib_init
    __rtentry2.o(.ARM.Collect$$rtentry$$0000000D) refers to main.o(.text) for main
    __rtentry2.o(.ARM.Collect$$rtentry$$0000000D) refers to exit.o(.text) for exit
    __rtentry2.o(.ARM.exidx) refers to __rtentry2.o(.ARM.Collect$$rtentry$$00000001) for .ARM.Collect$$rtentry$$00000001
    __rtentry2.o(.ARM.exidx) refers to __rtentry2.o(.ARM.Collect$$rtentry$$00000008) for .ARM.Collect$$rtentry$$00000008
    __rtentry2.o(.ARM.exidx) refers to __rtentry2.o(.ARM.Collect$$rtentry$$0000000A) for .ARM.Collect$$rtentry$$0000000A
    __rtentry2.o(.ARM.exidx) refers to __rtentry2.o(.ARM.Collect$$rtentry$$0000000B) for .ARM.Collect$$rtentry$$0000000B
    __rtentry2.o(.ARM.exidx) refers to __rtentry2.o(.ARM.Collect$$rtentry$$0000000D) for .ARM.Collect$$rtentry$$0000000D
    __rtentry4.o(.ARM.Collect$$rtentry$$00000004) refers to sys_stackheap_outer.o(.text) for __user_setup_stackheap
    __rtentry4.o(.ARM.exidx) refers to __rtentry4.o(.ARM.Collect$$rtentry$$00000004) for .ARM.Collect$$rtentry$$00000004
    sys_stackheap_outer.o(.text) refers to libspace.o(.text) for __user_perproc_libspace
    sys_stackheap_outer.o(.text) refers to startup_stm32f10x_md.o(.text) for __user_initial_stackheap
    exit.o(.text) refers to rtexit.o(.ARM.Collect$$rtexit$$00000000) for __rt_exit
    libinit.o(.ARM.Collect$$libinit$$00000000) refers (Special) to libinit2.o(.ARM.Collect$$libinit$$0000002E) for __rt_lib_init_alloca_1
    libinit.o(.ARM.Collect$$libinit$$00000000) refers (Special) to libinit2.o(.ARM.Collect$$libinit$$0000002C) for __rt_lib_init_argv_1
    libinit.o(.ARM.Collect$$libinit$$00000000) refers (Special) to libinit2.o(.ARM.Collect$$libinit$$0000001B) for __rt_lib_init_atexit_1
    libinit.o(.ARM.Collect$$libinit$$00000000) refers (Special) to libinit2.o(.ARM.Collect$$libinit$$00000021) for __rt_lib_init_clock_1
    libinit.o(.ARM.Collect$$libinit$$00000000) refers (Special) to libinit2.o(.ARM.Collect$$libinit$$00000032) for __rt_lib_init_cpp_1
    libinit.o(.ARM.Collect$$libinit$$00000000) refers (Special) to libinit2.o(.ARM.Collect$$libinit$$00000030) for __rt_lib_init_exceptions_1
    libinit.o(.ARM.Collect$$libinit$$00000000) refers (Special) to libinit2.o(.ARM.Collect$$libinit$$00000002) for __rt_lib_init_fp_1
    libinit.o(.ARM.Collect$$libinit$$00000000) refers (Special) to libinit2.o(.ARM.Collect$$libinit$$0000001F) for __rt_lib_init_fp_trap_1
    libinit.o(.ARM.Collect$$libinit$$00000000) refers (Special) to libinit2.o(.ARM.Collect$$libinit$$00000023) for __rt_lib_init_getenv_1
    libinit.o(.ARM.Collect$$libinit$$00000000) refers (Special) to libinit2.o(.ARM.Collect$$libinit$$0000000A) for __rt_lib_init_heap_1
    libinit.o(.ARM.Collect$$libinit$$00000000) refers (Special) to libinit2.o(.ARM.Collect$$libinit$$00000011) for __rt_lib_init_lc_collate_1
    libinit.o(.ARM.Collect$$libinit$$00000000) refers (Special) to libinit2.o(.ARM.Collect$$libinit$$00000013) for __rt_lib_init_lc_ctype_1
    libinit.o(.ARM.Collect$$libinit$$00000000) refers (Special) to libinit2.o(.ARM.Collect$$libinit$$00000015) for __rt_lib_init_lc_monetary_1
    libinit.o(.ARM.Collect$$libinit$$00000000) refers (Special) to libinit2.o(.ARM.Collect$$libinit$$00000017) for __rt_lib_init_lc_numeric_1
    libinit.o(.ARM.Collect$$libinit$$00000000) refers (Special) to libinit2.o(.ARM.Collect$$libinit$$00000019) for __rt_lib_init_lc_time_1
    libinit.o(.ARM.Collect$$libinit$$00000000) refers (Special) to libinit2.o(.ARM.Collect$$libinit$$00000004) for __rt_lib_init_preinit_1
    libinit.o(.ARM.Collect$$libinit$$00000000) refers (Special) to libinit2.o(.ARM.Collect$$libinit$$0000000E) for __rt_lib_init_rand_1
    libinit.o(.ARM.Collect$$libinit$$00000000) refers (Special) to libinit2.o(.ARM.Collect$$libinit$$00000033) for __rt_lib_init_return
    libinit.o(.ARM.Collect$$libinit$$00000000) refers (Special) to libinit2.o(.ARM.Collect$$libinit$$0000001D) for __rt_lib_init_signal_1
    libinit.o(.ARM.Collect$$libinit$$00000000) refers (Special) to libinit2.o(.ARM.Collect$$libinit$$00000025) for __rt_lib_init_stdio_1
    libinit.o(.ARM.Collect$$libinit$$00000000) refers (Special) to libinit2.o(.ARM.Collect$$libinit$$0000000C) for __rt_lib_init_user_alloc_1
    libspace.o(.text) refers to libspace.o(.bss) for __libspace_start
    rtexit.o(.ARM.Collect$$rtexit$$00000000) refers (Special) to rtexit2.o(.ARM.Collect$$rtexit$$00000004) for __rt_exit_exit
    rtexit.o(.ARM.Collect$$rtexit$$00000000) refers (Special) to rtexit2.o(.ARM.Collect$$rtexit$$00000003) for __rt_exit_ls
    rtexit.o(.ARM.Collect$$rtexit$$00000000) refers (Special) to rtexit2.o(.ARM.Collect$$rtexit$$00000002) for __rt_exit_prels_1
    rtexit.o(.ARM.exidx) refers (Special) to rtexit2.o(.ARM.Collect$$rtexit$$00000004) for __rt_exit_exit
    rtexit.o(.ARM.exidx) refers (Special) to rtexit2.o(.ARM.Collect$$rtexit$$00000003) for __rt_exit_ls
    rtexit.o(.ARM.exidx) refers (Special) to rtexit2.o(.ARM.Collect$$rtexit$$00000002) for __rt_exit_prels_1
    rtexit.o(.ARM.exidx) refers to rtexit.o(.ARM.Collect$$rtexit$$00000000) for .ARM.Collect$$rtexit$$00000000
    libinit2.o(.ARM.Collect$$libinit$$00000010) refers to libinit2.o(.ARM.Collect$$libinit$$0000000F) for .ARM.Collect$$libinit$$0000000F
    libinit2.o(.ARM.Collect$$libinit$$00000012) refers to libinit2.o(.ARM.Collect$$libinit$$0000000F) for .ARM.Collect$$libinit$$0000000F
    libinit2.o(.ARM.Collect$$libinit$$00000014) refers to libinit2.o(.ARM.Collect$$libinit$$0000000F) for .ARM.Collect$$libinit$$0000000F
    libinit2.o(.ARM.Collect$$libinit$$00000016) refers to libinit2.o(.ARM.Collect$$libinit$$0000000F) for .ARM.Collect$$libinit$$0000000F
    libinit2.o(.ARM.Collect$$libinit$$00000018) refers to libinit2.o(.ARM.Collect$$libinit$$0000000F) for .ARM.Collect$$libinit$$0000000F
    libinit2.o(.ARM.Collect$$libinit$$00000026) refers to argv_veneer.o(.emb_text) for __ARM_argv_veneer
    libinit2.o(.ARM.Collect$$libinit$$00000027) refers to argv_veneer.o(.emb_text) for __ARM_argv_veneer
    rtexit2.o(.ARM.Collect$$rtexit$$00000003) refers to libshutdown.o(.ARM.Collect$$libshutdown$$00000000) for __rt_lib_shutdown
    rtexit2.o(.ARM.Collect$$rtexit$$00000004) refers to usart.o(.text) for _sys_exit
    rtexit2.o(.ARM.exidx) refers to rtexit2.o(.ARM.Collect$$rtexit$$00000001) for .ARM.Collect$$rtexit$$00000001
    rtexit2.o(.ARM.exidx) refers to rtexit2.o(.ARM.Collect$$rtexit$$00000003) for .ARM.Collect$$rtexit$$00000003
    rtexit2.o(.ARM.exidx) refers to rtexit2.o(.ARM.Collect$$rtexit$$00000004) for .ARM.Collect$$rtexit$$00000004
    argv_veneer.o(.emb_text) refers to no_argv.o(.text) for __ARM_get_argv
    _get_argv_nomalloc.o(.text) refers (Special) to hrguard.o(.text) for __heap_region$guard
    _get_argv_nomalloc.o(.text) refers to defsig_rtmem_outer.o(.text) for __rt_SIGRTMEM
    _get_argv_nomalloc.o(.text) refers to sys_command.o(.text) for _sys_command_string
    libshutdown.o(.ARM.Collect$$libshutdown$$00000000) refers (Special) to libshutdown2.o(.ARM.Collect$$libshutdown$$00000006) for __rt_lib_shutdown_fp_trap_1
    libshutdown.o(.ARM.Collect$$libshutdown$$00000000) refers (Special) to libshutdown2.o(.ARM.Collect$$libshutdown$$0000000E) for __rt_lib_shutdown_heap_1
    libshutdown.o(.ARM.Collect$$libshutdown$$00000000) refers (Special) to libshutdown2.o(.ARM.Collect$$libshutdown$$0000000F) for __rt_lib_shutdown_return
    libshutdown.o(.ARM.Collect$$libshutdown$$00000000) refers (Special) to libshutdown2.o(.ARM.Collect$$libshutdown$$00000009) for __rt_lib_shutdown_signal_1
    libshutdown.o(.ARM.Collect$$libshutdown$$00000000) refers (Special) to libshutdown2.o(.ARM.Collect$$libshutdown$$00000003) for __rt_lib_shutdown_stdio_1
    libshutdown.o(.ARM.Collect$$libshutdown$$00000000) refers (Special) to libshutdown2.o(.ARM.Collect$$libshutdown$$0000000B) for __rt_lib_shutdown_user_alloc_1
    sys_command.o(.text) refers (Special) to use_no_semi.o(.text) for __I$use$semihosting
    sys_command.o(.text) refers (Special) to indicate_semi.o(.text) for __semihosting_library_function
    defsig_rtmem_outer.o(.text) refers to defsig_rtmem_inner.o(.text) for __rt_SIGRTMEM_inner
    defsig_rtmem_outer.o(.text) refers to defsig_exit.o(.text) for __sig_exit
    defsig_rtmem_formal.o(.text) refers to rt_raise.o(.text) for __rt_raise
    rt_raise.o(.text) refers to __raise.o(.text) for __raise
    rt_raise.o(.text) refers to usart.o(.text) for _sys_exit
    defsig_exit.o(.text) refers to usart.o(.text) for _sys_exit
    defsig_rtmem_inner.o(.text) refers to defsig_general.o(.text) for __default_signal_display
    __raise.o(.text) refers to defsig.o(CL$$defsig) for __default_signal_handler
    defsig_general.o(.text) refers to sys_wrch.o(.text) for _ttywrch
    sys_wrch.o(.text) refers (Special) to use_no_semi.o(.text) for __I$use$semihosting
    sys_wrch.o(.text) refers (Special) to indicate_semi.o(.text) for __semihosting_library_function
    defsig.o(CL$$defsig) refers to defsig_rtmem_inner.o(.text) for __rt_SIGRTMEM_inner
    defsig_abrt_inner.o(.text) refers to defsig_general.o(.text) for __default_signal_display
    defsig_fpe_inner.o(.text) refers to defsig_general.o(.text) for __default_signal_display
    defsig_rtred_inner.o(.text) refers to defsig_general.o(.text) for __default_signal_display
    defsig_stak_inner.o(.text) refers to defsig_general.o(.text) for __default_signal_display
    defsig_pvfn_inner.o(.text) refers to defsig_general.o(.text) for __default_signal_display
    defsig_cppl_inner.o(.text) refers to defsig_general.o(.text) for __default_signal_display
    defsig_segv_inner.o(.text) refers to defsig_general.o(.text) for __default_signal_display
    defsig_other.o(.text) refers to defsig_general.o(.text) for __default_signal_display


==============================================================================

Removing Unused input sections from the image.

    Removing led.o(.text), (56 bytes).
    Removing sys.o(.text), (12 bytes).
    Removing core_cm3.o(.emb_text), (32 bytes).
    Removing stm32f10x_can.o(.text), (2544 bytes).
    Removing stm32f10x_crc.o(.text), (72 bytes).
    Removing stm32f10x_dac.o(.text), (396 bytes).
    Removing stm32f10x_dbgmcu.o(.text), (48 bytes).
    Removing stm32f10x_dma.o(.text), (596 bytes).
    Removing stm32f10x_exti.o(.text), (284 bytes).
    Removing stm32f10x_i2c.o(.text), (1028 bytes).
    Removing stm32f10x_iwdg.o(.text), (64 bytes).
    Removing stm32f10x_pwr.o(.text), (204 bytes).
    Removing stm32f10x_rtc.o(.text), (328 bytes).
    Removing stm32f10x_tim.o(.text), (3610 bytes).
    Removing stm32f10x_wwdg.o(.text), (136 bytes).

15 unused section(s) (total 9410 bytes) removed from the image.

==============================================================================

Image Symbol Table

    Local Symbols

    Symbol Name                              Value     Ov Type        Size  Object(Section)

    ../clib/angel/boardlib.s                 0x00000000   Number         0  boardinit1.o ABSOLUTE
    ../clib/angel/boardlib.s                 0x00000000   Number         0  boardinit2.o ABSOLUTE
    ../clib/angel/boardlib.s                 0x00000000   Number         0  boardinit3.o ABSOLUTE
    ../clib/angel/boardlib.s                 0x00000000   Number         0  boardshut.o ABSOLUTE
    ../clib/angel/dczerorl2.s                0x00000000   Number         0  __dczerorl2.o ABSOLUTE
    ../clib/angel/handlers.s                 0x00000000   Number         0  __scatter_zi.o ABSOLUTE
    ../clib/angel/kernel.s                   0x00000000   Number         0  __rtentry.o ABSOLUTE
    ../clib/angel/kernel.s                   0x00000000   Number         0  __rtentry2.o ABSOLUTE
    ../clib/angel/kernel.s                   0x00000000   Number         0  __rtentry4.o ABSOLUTE
    ../clib/angel/kernel.s                   0x00000000   Number         0  rtexit.o ABSOLUTE
    ../clib/angel/kernel.s                   0x00000000   Number         0  rtexit2.o ABSOLUTE
    ../clib/angel/rt.s                       0x00000000   Number         0  rt_raise.o ABSOLUTE
    ../clib/angel/scatter.s                  0x00000000   Number         0  __scatter.o ABSOLUTE
    ../clib/angel/startup.s                  0x00000000   Number         0  __main.o ABSOLUTE
    ../clib/angel/sys.s                      0x00000000   Number         0  use_no_semi.o ABSOLUTE
    ../clib/angel/sys.s                      0x00000000   Number         0  sys_stackheap_outer.o ABSOLUTE
    ../clib/angel/sys.s                      0x00000000   Number         0  indicate_semi.o ABSOLUTE
    ../clib/angel/sys.s                      0x00000000   Number         0  libspace.o ABSOLUTE
    ../clib/angel/sys.s                      0x00000000   Number         0  use_no_semi_2.o ABSOLUTE
    ../clib/angel/sysapp.c                   0x00000000   Number         0  sys_wrch.o ABSOLUTE
    ../clib/angel/sysapp.c                   0x00000000   Number         0  sys_command.o ABSOLUTE
    ../clib/armsys.c                         0x00000000   Number         0  no_argv.o ABSOLUTE
    ../clib/armsys.c                         0x00000000   Number         0  _get_argv_nomalloc.o ABSOLUTE
    ../clib/armsys.c                         0x00000000   Number         0  argv_veneer.o ABSOLUTE
    ../clib/armsys.c                         0x00000000   Number         0  argv_veneer.o ABSOLUTE
    ../clib/heapalloc.c                      0x00000000   Number         0  hrguard.o ABSOLUTE
    ../clib/heapaux.c                        0x00000000   Number         0  heapauxi.o ABSOLUTE
    ../clib/libinit.s                        0x00000000   Number         0  libinit.o ABSOLUTE
    ../clib/libinit.s                        0x00000000   Number         0  libshutdown2.o ABSOLUTE
    ../clib/libinit.s                        0x00000000   Number         0  libshutdown.o ABSOLUTE
    ../clib/libinit.s                        0x00000000   Number         0  libinit2.o ABSOLUTE
    ../clib/printf.c                         0x00000000   Number         0  _printf_char.o ABSOLUTE
    ../clib/printf.c                         0x00000000   Number         0  __2sprintf.o ABSOLUTE
    ../clib/printf.c                         0x00000000   Number         0  noretval__2printf.o ABSOLUTE
    ../clib/printf.c                         0x00000000   Number         0  _sputc.o ABSOLUTE
    ../clib/printf.c                         0x00000000   Number         0  noretval__2sprintf.o ABSOLUTE
    ../clib/printf.c                         0x00000000   Number         0  _printf_char_common.o ABSOLUTE
    ../clib/printf.c                         0x00000000   Number         0  _printf_intcommon.o ABSOLUTE
    ../clib/printf.c                         0x00000000   Number         0  __printf.o ABSOLUTE
    ../clib/printf.c                         0x00000000   Number         0  __printf_wp.o ABSOLUTE
    ../clib/printf.c                         0x00000000   Number         0  __printf_flags_ss_wp.o ABSOLUTE
    ../clib/printf.c                         0x00000000   Number         0  _printf_str.o ABSOLUTE
    ../clib/printf.c                         0x00000000   Number         0  __printf_ss_wp.o ABSOLUTE
    ../clib/printf.c                         0x00000000   Number         0  _printf_dec.o ABSOLUTE
    ../clib/printf.c                         0x00000000   Number         0  __2printf.o ABSOLUTE
    ../clib/printf.c                         0x00000000   Number         0  __printf_flags_wp.o ABSOLUTE
    ../clib/printf.c                         0x00000000   Number         0  __printf_flags.o ABSOLUTE
    ../clib/printf.c                         0x00000000   Number         0  __printf_nopercent.o ABSOLUTE
    ../clib/printf.c                         0x00000000   Number         0  __printf_ss.o ABSOLUTE
    ../clib/printf.c                         0x00000000   Number         0  __printf_flags_ss.o ABSOLUTE
    ../clib/printf.c                         0x00000000   Number         0  _printf_char_file.o ABSOLUTE
    ../clib/printf_percent.s                 0x00000000   Number         0  _printf_d.o ABSOLUTE
    ../clib/printf_percent.s                 0x00000000   Number         0  _printf_s.o ABSOLUTE
    ../clib/printf_percent.s                 0x00000000   Number         0  _printf_percent_end.o ABSOLUTE
    ../clib/printf_percent.s                 0x00000000   Number         0  _printf_percent.o ABSOLUTE
    ../clib/signal.c                         0x00000000   Number         0  defsig_pvfn_inner.o ABSOLUTE
    ../clib/signal.c                         0x00000000   Number         0  defsig_rtred_inner.o ABSOLUTE
    ../clib/signal.c                         0x00000000   Number         0  defsig_rtmem_inner.o ABSOLUTE
    ../clib/signal.c                         0x00000000   Number         0  defsig_other.o ABSOLUTE
    ../clib/signal.c                         0x00000000   Number         0  defsig_segv_inner.o ABSOLUTE
    ../clib/signal.c                         0x00000000   Number         0  defsig_cppl_inner.o ABSOLUTE
    ../clib/signal.c                         0x00000000   Number         0  defsig_fpe_inner.o ABSOLUTE
    ../clib/signal.c                         0x00000000   Number         0  defsig_exit.o ABSOLUTE
    ../clib/signal.c                         0x00000000   Number         0  __raise.o ABSOLUTE
    ../clib/signal.c                         0x00000000   Number         0  defsig_rtmem_formal.o ABSOLUTE
    ../clib/signal.c                         0x00000000   Number         0  defsig_rtmem_outer.o ABSOLUTE
    ../clib/signal.c                         0x00000000   Number         0  defsig_abrt_inner.o ABSOLUTE
    ../clib/signal.c                         0x00000000   Number         0  defsig_general.o ABSOLUTE
    ../clib/signal.c                         0x00000000   Number         0  defsig_stak_inner.o ABSOLUTE
    ../clib/signal.s                         0x00000000   Number         0  defsig.o ABSOLUTE
    ../clib/stdio.c                          0x00000000   Number         0  ferror_locked.o ABSOLUTE
    ../clib/stdio.c                          0x00000000   Number         0  ferror.o ABSOLUTE
    ../clib/stdlib.c                         0x00000000   Number         0  exit.o ABSOLUTE
    ../clib/string.c                         0x00000000   Number         0  strlen.o ABSOLUTE
    ../fplib/fpinit.s                        0x00000000   Number         0  fpinit.o ABSOLUTE
    ..\CORE\core_cm3.c                       0x00000000   Number         0  core_cm3.o ABSOLUTE
    ..\CORE\startup_stm32f10x_md.s           0x00000000   Number         0  startup_stm32f10x_md.o ABSOLUTE
    ..\HARDWARE\FATFS_V0.09\src\diskio.c     0x00000000   Number         0  diskio.o ABSOLUTE
    ..\HARDWARE\FATFS_V0.09\src\ff.c         0x00000000   Number         0  ff.o ABSOLUTE
    ..\HARDWARE\FATFS_V0.09\src\option\ccsbcs.c 0x00000000   Number         0  ccsbcs.o ABSOLUTE
    ..\HARDWARE\LED\led.c                    0x00000000   Number         0  led.o ABSOLUTE
    ..\HARDWARE\SPI_SD_Card\SPI_MSD0_Driver.c 0x00000000   Number         0  spi_msd0_driver.o ABSOLUTE
    ..\HARDWARE\TFT\TFT_Driver.c             0x00000000   Number         0  tft_driver.o ABSOLUTE
    ..\STM32F10x_FWLib\src\misc.c            0x00000000   Number         0  misc.o ABSOLUTE
    ..\STM32F10x_FWLib\src\stm32f10x_can.c   0x00000000   Number         0  stm32f10x_can.o ABSOLUTE
    ..\STM32F10x_FWLib\src\stm32f10x_crc.c   0x00000000   Number         0  stm32f10x_crc.o ABSOLUTE
    ..\STM32F10x_FWLib\src\stm32f10x_dac.c   0x00000000   Number         0  stm32f10x_dac.o ABSOLUTE
    ..\STM32F10x_FWLib\src\stm32f10x_dbgmcu.c 0x00000000   Number         0  stm32f10x_dbgmcu.o ABSOLUTE
    ..\STM32F10x_FWLib\src\stm32f10x_dma.c   0x00000000   Number         0  stm32f10x_dma.o ABSOLUTE
    ..\STM32F10x_FWLib\src\stm32f10x_exti.c  0x00000000   Number         0  stm32f10x_exti.o ABSOLUTE
    ..\STM32F10x_FWLib\src\stm32f10x_gpio.c  0x00000000   Number         0  stm32f10x_gpio.o ABSOLUTE
    ..\STM32F10x_FWLib\src\stm32f10x_i2c.c   0x00000000   Number         0  stm32f10x_i2c.o ABSOLUTE
    ..\STM32F10x_FWLib\src\stm32f10x_iwdg.c  0x00000000   Number         0  stm32f10x_iwdg.o ABSOLUTE
    ..\STM32F10x_FWLib\src\stm32f10x_pwr.c   0x00000000   Number         0  stm32f10x_pwr.o ABSOLUTE
    ..\STM32F10x_FWLib\src\stm32f10x_rcc.c   0x00000000   Number         0  stm32f10x_rcc.o ABSOLUTE
    ..\STM32F10x_FWLib\src\stm32f10x_rtc.c   0x00000000   Number         0  stm32f10x_rtc.o ABSOLUTE
    ..\STM32F10x_FWLib\src\stm32f10x_spi.c   0x00000000   Number         0  stm32f10x_spi.o ABSOLUTE
    ..\STM32F10x_FWLib\src\stm32f10x_tim.c   0x00000000   Number         0  stm32f10x_tim.o ABSOLUTE
    ..\STM32F10x_FWLib\src\stm32f10x_usart.c 0x00000000   Number         0  stm32f10x_usart.o ABSOLUTE
    ..\STM32F10x_FWLib\src\stm32f10x_wwdg.c  0x00000000   Number         0  stm32f10x_wwdg.o ABSOLUTE
    ..\SYSTEM\delay\delay.c                  0x00000000   Number         0  delay.o ABSOLUTE
    ..\SYSTEM\sys\sys.c                      0x00000000   Number         0  sys.o ABSOLUTE
    ..\SYSTEM\usart\usart.c                  0x00000000   Number         0  usart.o ABSOLUTE
    ..\\CORE\\core_cm3.c                     0x00000000   Number         0  core_cm3.o ABSOLUTE
    dc.s                                     0x00000000   Number         0  dc.o ABSOLUTE
    main.c                                   0x00000000   Number         0  main.o ABSOLUTE
    stm32f10x_it.c                           0x00000000   Number         0  stm32f10x_it.o ABSOLUTE
    system_stm32f10x.c                       0x00000000   Number         0  system_stm32f10x.o ABSOLUTE
    RESET                                    0x08000000   Section      236  startup_stm32f10x_md.o(RESET)
    !!!main                                  0x080000ec   Section        8  __main.o(!!!main)
    !!!scatter                               0x080000f4   Section       52  __scatter.o(!!!scatter)
    !!dczerorl2                              0x08000128   Section       90  __dczerorl2.o(!!dczerorl2)
    !!handler_zi                             0x08000184   Section       28  __scatter_zi.o(!!handler_zi)
    .ARM.Collect$$_printf_percent$$00000000  0x080001a0   Section        0  _printf_percent.o(.ARM.Collect$$_printf_percent$$00000000)
    .ARM.Collect$$_printf_percent$$00000009  0x080001a0   Section        6  _printf_d.o(.ARM.Collect$$_printf_percent$$00000009)
    .ARM.Collect$$_printf_percent$$00000014  0x080001a6   Section        6  _printf_s.o(.ARM.Collect$$_printf_percent$$00000014)
    .ARM.Collect$$_printf_percent$$00000017  0x080001ac   Section        4  _printf_percent_end.o(.ARM.Collect$$_printf_percent$$00000017)
    .ARM.Collect$$libinit$$00000000          0x080001b0   Section        2  libinit.o(.ARM.Collect$$libinit$$00000000)
    .ARM.Collect$$libinit$$00000002          0x080001b2   Section        0  libinit2.o(.ARM.Collect$$libinit$$00000002)
    .ARM.Collect$$libinit$$00000004          0x080001b2   Section        0  libinit2.o(.ARM.Collect$$libinit$$00000004)
    .ARM.Collect$$libinit$$0000000A          0x080001b2   Section        0  libinit2.o(.ARM.Collect$$libinit$$0000000A)
    .ARM.Collect$$libinit$$0000000C          0x080001b2   Section        0  libinit2.o(.ARM.Collect$$libinit$$0000000C)
    .ARM.Collect$$libinit$$0000000E          0x080001b2   Section        0  libinit2.o(.ARM.Collect$$libinit$$0000000E)
    .ARM.Collect$$libinit$$00000011          0x080001b2   Section        0  libinit2.o(.ARM.Collect$$libinit$$00000011)
    .ARM.Collect$$libinit$$00000013          0x080001b2   Section        0  libinit2.o(.ARM.Collect$$libinit$$00000013)
    .ARM.Collect$$libinit$$00000015          0x080001b2   Section        0  libinit2.o(.ARM.Collect$$libinit$$00000015)
    .ARM.Collect$$libinit$$00000017          0x080001b2   Section        0  libinit2.o(.ARM.Collect$$libinit$$00000017)
    .ARM.Collect$$libinit$$00000019          0x080001b2   Section        0  libinit2.o(.ARM.Collect$$libinit$$00000019)
    .ARM.Collect$$libinit$$0000001B          0x080001b2   Section        0  libinit2.o(.ARM.Collect$$libinit$$0000001B)
    .ARM.Collect$$libinit$$0000001D          0x080001b2   Section        0  libinit2.o(.ARM.Collect$$libinit$$0000001D)
    .ARM.Collect$$libinit$$0000001F          0x080001b2   Section        0  libinit2.o(.ARM.Collect$$libinit$$0000001F)
    .ARM.Collect$$libinit$$00000021          0x080001b2   Section        0  libinit2.o(.ARM.Collect$$libinit$$00000021)
    .ARM.Collect$$libinit$$00000023          0x080001b2   Section        0  libinit2.o(.ARM.Collect$$libinit$$00000023)
    .ARM.Collect$$libinit$$00000025          0x080001b2   Section        0  libinit2.o(.ARM.Collect$$libinit$$00000025)
    .ARM.Collect$$libinit$$0000002C          0x080001b2   Section        0  libinit2.o(.ARM.Collect$$libinit$$0000002C)
    .ARM.Collect$$libinit$$0000002E          0x080001b2   Section        0  libinit2.o(.ARM.Collect$$libinit$$0000002E)
    .ARM.Collect$$libinit$$00000030          0x080001b2   Section        0  libinit2.o(.ARM.Collect$$libinit$$00000030)
    .ARM.Collect$$libinit$$00000032          0x080001b2   Section        0  libinit2.o(.ARM.Collect$$libinit$$00000032)
    .ARM.Collect$$libinit$$00000033          0x080001b2   Section        2  libinit2.o(.ARM.Collect$$libinit$$00000033)
    .ARM.Collect$$libshutdown$$00000000      0x080001b4   Section        2  libshutdown.o(.ARM.Collect$$libshutdown$$00000000)
    .ARM.Collect$$libshutdown$$00000003      0x080001b6   Section        0  libshutdown2.o(.ARM.Collect$$libshutdown$$00000003)
    .ARM.Collect$$libshutdown$$00000006      0x080001b6   Section        0  libshutdown2.o(.ARM.Collect$$libshutdown$$00000006)
    .ARM.Collect$$libshutdown$$00000009      0x080001b6   Section        0  libshutdown2.o(.ARM.Collect$$libshutdown$$00000009)
    .ARM.Collect$$libshutdown$$0000000B      0x080001b6   Section        0  libshutdown2.o(.ARM.Collect$$libshutdown$$0000000B)
    .ARM.Collect$$libshutdown$$0000000E      0x080001b6   Section        0  libshutdown2.o(.ARM.Collect$$libshutdown$$0000000E)
    .ARM.Collect$$libshutdown$$0000000F      0x080001b6   Section        2  libshutdown2.o(.ARM.Collect$$libshutdown$$0000000F)
    .ARM.Collect$$rtentry$$00000000          0x080001b8   Section        0  __rtentry.o(.ARM.Collect$$rtentry$$00000000)
    .ARM.Collect$$rtentry$$00000002          0x080001b8   Section        0  __rtentry2.o(.ARM.Collect$$rtentry$$00000002)
    .ARM.Collect$$rtentry$$00000004          0x080001b8   Section        6  __rtentry4.o(.ARM.Collect$$rtentry$$00000004)
    .ARM.Collect$$rtentry$$00000009          0x080001be   Section        0  __rtentry2.o(.ARM.Collect$$rtentry$$00000009)
    .ARM.Collect$$rtentry$$0000000A          0x080001be   Section        4  __rtentry2.o(.ARM.Collect$$rtentry$$0000000A)
    .ARM.Collect$$rtentry$$0000000C          0x080001c2   Section        0  __rtentry2.o(.ARM.Collect$$rtentry$$0000000C)
    .ARM.Collect$$rtentry$$0000000D          0x080001c2   Section        8  __rtentry2.o(.ARM.Collect$$rtentry$$0000000D)
    .ARM.Collect$$rtexit$$00000000           0x080001ca   Section        2  rtexit.o(.ARM.Collect$$rtexit$$00000000)
    .ARM.Collect$$rtexit$$00000002           0x080001cc   Section        0  rtexit2.o(.ARM.Collect$$rtexit$$00000002)
    .ARM.Collect$$rtexit$$00000003           0x080001cc   Section        4  rtexit2.o(.ARM.Collect$$rtexit$$00000003)
    .ARM.Collect$$rtexit$$00000004           0x080001d0   Section        6  rtexit2.o(.ARM.Collect$$rtexit$$00000004)
    .text                                    0x080001d8   Section        0  main.o(.text)
    .text                                    0x08000b0c   Section        0  stm32f10x_it.o(.text)
    .text                                    0x08000b28   Section        0  system_stm32f10x.o(.text)
    SetSysClockTo72                          0x08000b29   Thumb Code   214  system_stm32f10x.o(.text)
    SetSysClock                              0x08000bff   Thumb Code     8  system_stm32f10x.o(.text)
    .text                                    0x08000d08   Section        0  tft_driver.o(.text)
    .text                                    0x08001afc   Section        0  ff.o(.text)
    mem_cpy                                  0x08001afd   Thumb Code    26  ff.o(.text)
    mem_set                                  0x08001b17   Thumb Code    20  ff.o(.text)
    mem_cmp                                  0x08001b2b   Thumb Code    38  ff.o(.text)
    chk_chr                                  0x08001b51   Thumb Code    20  ff.o(.text)
    move_window                              0x08001b65   Thumb Code   114  ff.o(.text)
    sync                                     0x08001bd7   Thumb Code   202  ff.o(.text)
    remove_chain                             0x08001ed5   Thumb Code   104  ff.o(.text)
    create_chain                             0x08001f3d   Thumb Code   202  ff.o(.text)
    dir_sdi                                  0x08002007   Thumb Code   156  ff.o(.text)
    dir_next                                 0x080020a3   Thumb Code   280  ff.o(.text)
    cmp_lfn                                  0x080021bb   Thumb Code   138  ff.o(.text)
    pick_lfn                                 0x08002245   Thumb Code   112  ff.o(.text)
    fit_lfn                                  0x080022b5   Thumb Code   122  ff.o(.text)
    sum_sfn                                  0x080023d7   Thumb Code    32  ff.o(.text)
    dir_find                                 0x080023f7   Thumb Code   222  ff.o(.text)
    dir_read                                 0x080024d5   Thumb Code   190  ff.o(.text)
    dir_register                             0x08002593   Thumb Code   400  ff.o(.text)
    dir_remove                               0x08002723   Thumb Code    96  ff.o(.text)
    create_name                              0x08002783   Thumb Code   534  ff.o(.text)
    get_fileinfo                             0x08002999   Thumb Code   296  ff.o(.text)
    follow_path                              0x08002ac1   Thumb Code   158  ff.o(.text)
    check_fs                                 0x08002b5f   Thumb Code   166  ff.o(.text)
    chk_mounted                              0x08002c05   Thumb Code   898  ff.o(.text)
    validate                                 0x08002f87   Thumb Code    42  ff.o(.text)
    .text                                    0x08003e8c   Section        0  diskio.o(.text)
    .text                                    0x0800403c   Section        0  ccsbcs.o(.text)
    .text                                    0x080040bc   Section        0  spi_msd0_driver.o(.text)
    .text                                    0x08004aa8   Section        0  delay.o(.text)
    .text                                    0x08004b54   Section        0  usart.o(.text)
    .text                                    0x08004c94   Section       64  startup_stm32f10x_md.o(.text)
    .text                                    0x08004cd4   Section        0  misc.o(.text)
    .text                                    0x08004db0   Section        0  stm32f10x_gpio.o(.text)
    .text                                    0x0800510c   Section        0  stm32f10x_rcc.o(.text)
    .text                                    0x080054b0   Section        0  stm32f10x_spi.o(.text)
    .text                                    0x080057bc   Section        0  stm32f10x_usart.o(.text)
    .text                                    0x08005bc4   Section        2  use_no_semi_2.o(.text)
    .text                                    0x08005bc8   Section        0  noretval__2printf.o(.text)
    .text                                    0x08005be0   Section        0  noretval__2sprintf.o(.text)
    .text                                    0x08005c08   Section        0  __printf.o(.text)
    .text                                    0x08005c70   Section        0  _printf_str.o(.text)
    .text                                    0x08005cc4   Section        0  _printf_dec.o(.text)
    .text                                    0x08005d3c   Section        0  strlen.o(.text)
    .text                                    0x08005d7a   Section        0  heapauxi.o(.text)
    .text                                    0x08005d80   Section        2  use_no_semi.o(.text)
    .text                                    0x08005d82   Section        0  _printf_intcommon.o(.text)
    .text                                    0x08005e34   Section        0  _printf_char_common.o(.text)
    _printf_input_char                       0x08005e35   Thumb Code    10  _printf_char_common.o(.text)
    .text                                    0x08005e64   Section        0  _sputc.o(.text)
    .text                                    0x08005e6e   Section        0  _printf_char.o(.text)
    .text                                    0x08005e9c   Section        0  _printf_char_file.o(.text)
    .text                                    0x08005ec0   Section        0  ferror.o(.text)
    .text                                    0x08005ec8   Section       74  sys_stackheap_outer.o(.text)
    .text                                    0x08005f12   Section        0  exit.o(.text)
    .text                                    0x08005f20   Section        8  libspace.o(.text)
    i.MSD0_spi_read_write                    0x08005f28   Section        0  spi_msd0_driver.o(i.MSD0_spi_read_write)
    .constdata                               0x08005f54   Section     9007  tft_driver.o(.constdata)
    .constdata                               0x08008283   Section      141  ff.o(.constdata)
    LfnOfs                                   0x08008283   Data          13  ff.o(.constdata)
    excvt                                    0x08008290   Data         128  ff.o(.constdata)
    .constdata                               0x08008310   Section     1216  ccsbcs.o(.constdata)
    Tbl                                      0x08008310   Data         256  ccsbcs.o(.constdata)
    tbl_lower                                0x08008410   Data         480  ccsbcs.o(.constdata)
    tbl_upper                                0x080085f0   Data         480  ccsbcs.o(.constdata)
    .conststring                             0x080087d0   Section      334  main.o(.conststring)
    .data                                    0x20000000   Section      591  main.o(.data)
    .data                                    0x20000250   Section       20  system_stm32f10x.o(.data)
    .data                                    0x20000264   Section        6  ff.o(.data)
    FatFs                                    0x20000264   Data           4  ff.o(.data)
    Fsid                                     0x20000268   Data           2  ff.o(.data)
    .data                                    0x2000026a   Section        4  delay.o(.data)
    fac_us                                   0x2000026a   Data           1  delay.o(.data)
    fac_ms                                   0x2000026c   Data           2  delay.o(.data)
    .data                                    0x20000270   Section        5  usart.o(.data)
    .data                                    0x20000275   Section       20  stm32f10x_rcc.o(.data)
    APBAHBPrescTable                         0x20000275   Data          16  stm32f10x_rcc.o(.data)
    ADCPrescTable                            0x20000285   Data           4  stm32f10x_rcc.o(.data)
    .bss                                     0x2000028c   Section     6008  main.o(.bss)
    lfn                                      0x20001904   Data         256  main.o(.bss)
    .bss                                     0x20001a04   Section      512  ff.o(.bss)
    LfnBuf                                   0x20001a04   Data         512  ff.o(.bss)
    .bss                                     0x20001c04   Section       88  spi_msd0_driver.o(.bss)
    .bss                                     0x20001c5c   Section       64  usart.o(.bss)
    .bss                                     0x20001c9c   Section       96  libspace.o(.bss)
    HEAP                                     0x20001d00   Section      512  startup_stm32f10x_md.o(HEAP)
    Heap_Mem                                 0x20001d00   Data         512  startup_stm32f10x_md.o(HEAP)
    STACK                                    0x20001f00   Section     1024  startup_stm32f10x_md.o(STACK)
    Stack_Mem                                0x20001f00   Data        1024  startup_stm32f10x_md.o(STACK)
    __initial_sp                             0x20002300   Data           0  startup_stm32f10x_md.o(STACK)

    Global Symbols

    Symbol Name                              Value     Ov Type        Size  Object(Section)

    BuildAttributes$$THM_ISAv4$P$D$K$B$S$PE$A:L22UL41UL21$X:L11$S22US41US21$IEEE1$IW$USESV6$~STKCKD$USESV7$~SHL$OSPACE$ROPI$EBA8$UX$STANDARDLIB$REQ8$PRES8$EABIv2 0x00000000   Number         0  anon$$obj.o ABSOLUTE
    __ARM_use_no_argv                        0x00000000   Number         0  main.o ABSOLUTE
    __ARM_exceptions_init                     - Undefined Weak Reference
    __alloca_initialize                       - Undefined Weak Reference
    __arm_preinit_                            - Undefined Weak Reference
    __cpp_initialize__aeabi_                  - Undefined Weak Reference
    __cxa_finalize                            - Undefined Weak Reference
    __rt_locale                               - Undefined Weak Reference
    __sigvec_lookup                           - Undefined Weak Reference
    _atexit_init                              - Undefined Weak Reference
    _call_atexit_fns                          - Undefined Weak Reference
    _clock_init                               - Undefined Weak Reference
    _fp_trap_init                             - Undefined Weak Reference
    _fp_trap_shutdown                         - Undefined Weak Reference
    _get_lc_collate                           - Undefined Weak Reference
    _get_lc_ctype                             - Undefined Weak Reference
    _get_lc_monetary                          - Undefined Weak Reference
    _get_lc_numeric                           - Undefined Weak Reference
    _get_lc_time                              - Undefined Weak Reference
    _getenv_init                              - Undefined Weak Reference
    _handle_redirection                       - Undefined Weak Reference
    _init_alloc                               - Undefined Weak Reference
    _init_user_alloc                          - Undefined Weak Reference
    _initio                                   - Undefined Weak Reference
    _mutex_acquire                            - Undefined Weak Reference
    _mutex_release                            - Undefined Weak Reference
    _printf_mbtowc                            - Undefined Weak Reference
    _printf_post_padding                      - Undefined Weak Reference
    _printf_pre_padding                       - Undefined Weak Reference
    _printf_truncate_signed                   - Undefined Weak Reference
    _printf_truncate_unsigned                 - Undefined Weak Reference
    _rand_init                                - Undefined Weak Reference
    _signal_finish                            - Undefined Weak Reference
    _signal_init                              - Undefined Weak Reference
    _terminate_alloc                          - Undefined Weak Reference
    _terminate_user_alloc                     - Undefined Weak Reference
    _terminateio                              - Undefined Weak Reference
    __Vectors_Size                           0x000000ec   Number         0  startup_stm32f10x_md.o ABSOLUTE
    __Vectors                                0x08000000   Data           4  startup_stm32f10x_md.o(RESET)
    __Vectors_End                            0x080000ec   Data           0  startup_stm32f10x_md.o(RESET)
    __main                                   0x080000ed   Thumb Code     8  __main.o(!!!main)
    __scatterload                            0x080000f5   Thumb Code     0  __scatter.o(!!!scatter)
    __scatterload_rt2                        0x080000f5   Thumb Code    44  __scatter.o(!!!scatter)
    __scatterload_rt2_thumb_only             0x080000f5   Thumb Code     0  __scatter.o(!!!scatter)
    __scatterload_null                       0x08000103   Thumb Code     0  __scatter.o(!!!scatter)
    __decompress                             0x08000129   Thumb Code    90  __dczerorl2.o(!!dczerorl2)
    __decompress1                            0x08000129   Thumb Code     0  __dczerorl2.o(!!dczerorl2)
    __scatterload_zeroinit                   0x08000185   Thumb Code    28  __scatter_zi.o(!!handler_zi)
    _printf_d                                0x080001a1   Thumb Code     0  _printf_d.o(.ARM.Collect$$_printf_percent$$00000009)
    _printf_percent                          0x080001a1   Thumb Code     0  _printf_percent.o(.ARM.Collect$$_printf_percent$$00000000)
    _printf_s                                0x080001a7   Thumb Code     0  _printf_s.o(.ARM.Collect$$_printf_percent$$00000014)
    _printf_percent_end                      0x080001ad   Thumb Code     0  _printf_percent_end.o(.ARM.Collect$$_printf_percent$$00000017)
    __rt_lib_init                            0x080001b1   Thumb Code     0  libinit.o(.ARM.Collect$$libinit$$00000000)
    __rt_lib_init_alloca_1                   0x080001b3   Thumb Code     0  libinit2.o(.ARM.Collect$$libinit$$0000002E)
    __rt_lib_init_argv_1                     0x080001b3   Thumb Code     0  libinit2.o(.ARM.Collect$$libinit$$0000002C)
    __rt_lib_init_atexit_1                   0x080001b3   Thumb Code     0  libinit2.o(.ARM.Collect$$libinit$$0000001B)
    __rt_lib_init_clock_1                    0x080001b3   Thumb Code     0  libinit2.o(.ARM.Collect$$libinit$$00000021)
    __rt_lib_init_cpp_1                      0x080001b3   Thumb Code     0  libinit2.o(.ARM.Collect$$libinit$$00000032)
    __rt_lib_init_exceptions_1               0x080001b3   Thumb Code     0  libinit2.o(.ARM.Collect$$libinit$$00000030)
    __rt_lib_init_fp_1                       0x080001b3   Thumb Code     0  libinit2.o(.ARM.Collect$$libinit$$00000002)
    __rt_lib_init_fp_trap_1                  0x080001b3   Thumb Code     0  libinit2.o(.ARM.Collect$$libinit$$0000001F)
    __rt_lib_init_getenv_1                   0x080001b3   Thumb Code     0  libinit2.o(.ARM.Collect$$libinit$$00000023)
    __rt_lib_init_heap_1                     0x080001b3   Thumb Code     0  libinit2.o(.ARM.Collect$$libinit$$0000000A)
    __rt_lib_init_lc_collate_1               0x080001b3   Thumb Code     0  libinit2.o(.ARM.Collect$$libinit$$00000011)
    __rt_lib_init_lc_ctype_1                 0x080001b3   Thumb Code     0  libinit2.o(.ARM.Collect$$libinit$$00000013)
    __rt_lib_init_lc_monetary_1              0x080001b3   Thumb Code     0  libinit2.o(.ARM.Collect$$libinit$$00000015)
    __rt_lib_init_lc_numeric_1               0x080001b3   Thumb Code     0  libinit2.o(.ARM.Collect$$libinit$$00000017)
    __rt_lib_init_lc_time_1                  0x080001b3   Thumb Code     0  libinit2.o(.ARM.Collect$$libinit$$00000019)
    __rt_lib_init_preinit_1                  0x080001b3   Thumb Code     0  libinit2.o(.ARM.Collect$$libinit$$00000004)
    __rt_lib_init_rand_1                     0x080001b3   Thumb Code     0  libinit2.o(.ARM.Collect$$libinit$$0000000E)
    __rt_lib_init_return                     0x080001b3   Thumb Code     0  libinit2.o(.ARM.Collect$$libinit$$00000033)
    __rt_lib_init_signal_1                   0x080001b3   Thumb Code     0  libinit2.o(.ARM.Collect$$libinit$$0000001D)
    __rt_lib_init_stdio_1                    0x080001b3   Thumb Code     0  libinit2.o(.ARM.Collect$$libinit$$00000025)
    __rt_lib_init_user_alloc_1               0x080001b3   Thumb Code     0  libinit2.o(.ARM.Collect$$libinit$$0000000C)
    __rt_lib_shutdown                        0x080001b5   Thumb Code     0  libshutdown.o(.ARM.Collect$$libshutdown$$00000000)
    __rt_lib_shutdown_fp_trap_1              0x080001b7   Thumb Code     0  libshutdown2.o(.ARM.Collect$$libshutdown$$00000006)
    __rt_lib_shutdown_heap_1                 0x080001b7   Thumb Code     0  libshutdown2.o(.ARM.Collect$$libshutdown$$0000000E)
    __rt_lib_shutdown_return                 0x080001b7   Thumb Code     0  libshutdown2.o(.ARM.Collect$$libshutdown$$0000000F)
    __rt_lib_shutdown_signal_1               0x080001b7   Thumb Code     0  libshutdown2.o(.ARM.Collect$$libshutdown$$00000009)
    __rt_lib_shutdown_stdio_1                0x080001b7   Thumb Code     0  libshutdown2.o(.ARM.Collect$$libshutdown$$00000003)
    __rt_lib_shutdown_user_alloc_1           0x080001b7   Thumb Code     0  libshutdown2.o(.ARM.Collect$$libshutdown$$0000000B)
    __rt_entry                               0x080001b9   Thumb Code     0  __rtentry.o(.ARM.Collect$$rtentry$$00000000)
    __rt_entry_presh_1                       0x080001b9   Thumb Code     0  __rtentry2.o(.ARM.Collect$$rtentry$$00000002)
    __rt_entry_sh                            0x080001b9   Thumb Code     0  __rtentry4.o(.ARM.Collect$$rtentry$$00000004)
    __rt_entry_li                            0x080001bf   Thumb Code     0  __rtentry2.o(.ARM.Collect$$rtentry$$0000000A)
    __rt_entry_postsh_1                      0x080001bf   Thumb Code     0  __rtentry2.o(.ARM.Collect$$rtentry$$00000009)
    __rt_entry_main                          0x080001c3   Thumb Code     0  __rtentry2.o(.ARM.Collect$$rtentry$$0000000D)
    __rt_entry_postli_1                      0x080001c3   Thumb Code     0  __rtentry2.o(.ARM.Collect$$rtentry$$0000000C)
    __rt_exit                                0x080001cb   Thumb Code     0  rtexit.o(.ARM.Collect$$rtexit$$00000000)
    __rt_exit_ls                             0x080001cd   Thumb Code     0  rtexit2.o(.ARM.Collect$$rtexit$$00000003)
    __rt_exit_prels_1                        0x080001cd   Thumb Code     0  rtexit2.o(.ARM.Collect$$rtexit$$00000002)
    __rt_exit_exit                           0x080001d1   Thumb Code     0  rtexit2.o(.ARM.Collect$$rtexit$$00000004)
    Redraw_Mainmenu                          0x080001d9   Thumb Code   354  main.o(.text)
    Num_Test                                 0x0800033b   Thumb Code   134  main.o(.text)
    Font_Test                                0x080003c1   Thumb Code   212  main.o(.text)
    Color_Test                               0x08000495   Thumb Code    66  main.o(.text)
    Delay                                    0x080004d7   Thumb Code    10  main.o(.text)
    SD_TotalSize                             0x080004e1   Thumb Code    76  main.o(.text)
    scan_files                               0x0800052d   Thumb Code   704  main.o(.text)
    testsd                                   0x080007ed   Thumb Code   300  main.o(.text)
    main                                     0x08000919   Thumb Code   120  main.o(.text)
    NMI_Handler                              0x08000b0d   Thumb Code     2  stm32f10x_it.o(.text)
    HardFault_Handler                        0x08000b0f   Thumb Code     4  stm32f10x_it.o(.text)
    MemManage_Handler                        0x08000b13   Thumb Code     4  stm32f10x_it.o(.text)
    BusFault_Handler                         0x08000b17   Thumb Code     4  stm32f10x_it.o(.text)
    UsageFault_Handler                       0x08000b1b   Thumb Code     4  stm32f10x_it.o(.text)
    SVC_Handler                              0x08000b1f   Thumb Code     2  stm32f10x_it.o(.text)
    DebugMon_Handler                         0x08000b21   Thumb Code     2  stm32f10x_it.o(.text)
    PendSV_Handler                           0x08000b23   Thumb Code     2  stm32f10x_it.o(.text)
    SysTick_Handler                          0x08000b25   Thumb Code     2  stm32f10x_it.o(.text)
    SystemInit                               0x08000c07   Thumb Code    78  system_stm32f10x.o(.text)
    SystemCoreClockUpdate                    0x08000c55   Thumb Code   142  system_stm32f10x.o(.text)
    SPI_WriteByte                            0x08000d09   Thumb Code    34  tft_driver.o(.text)
    SPI_SetSpeed                             0x08000d2b   Thumb Code    38  tft_driver.o(.text)
    SPI2_Init                                0x08000d51   Thumb Code   178  tft_driver.o(.text)
    TFT_WriteIndex                           0x08000e03   Thumb Code    24  tft_driver.o(.text)
    TFT_WriteData                            0x08000e1b   Thumb Code    24  tft_driver.o(.text)
    TFT_WriteData16Bit                       0x08000e33   Thumb Code    20  tft_driver.o(.text)
    TFT_WriteIndex16Bit                      0x08000e47   Thumb Code    20  tft_driver.o(.text)
    TFT_Init                                 0x08000e5b   Thumb Code   544  tft_driver.o(.text)
    TFT_SetRegion                            0x0800107b   Thumb Code    62  tft_driver.o(.text)
    TFT_SetXY                                0x080010b9   Thumb Code    42  tft_driver.o(.text)
    TFT_DrawPoint                            0x080010e3   Thumb Code    30  tft_driver.o(.text)
    TFT_ReadPoint                            0x08001101   Thumb Code   140  tft_driver.o(.text)
    TFT_Clear                                0x0800118d   Thumb Code    66  tft_driver.o(.text)
    TFT_Circle                               0x080011cf   Thumb Code   300  tft_driver.o(.text)
    TFT_DrawLine                             0x080012fb   Thumb Code   186  tft_driver.o(.text)
    TFT_box                                  0x080013b5   Thumb Code   188  tft_driver.o(.text)
    TFT_box2                                 0x08001471   Thumb Code   398  tft_driver.o(.text)
    DisplayButtonUp                          0x080015ff   Thumb Code   130  tft_driver.o(.text)
    DisplayButtonDown                        0x08001681   Thumb Code   130  tft_driver.o(.text)
    TFT_DrawFont_GBK16                       0x08001703   Thumb Code   402  tft_driver.o(.text)
    TFT_DrawFont_GBK24                       0x08001895   Thumb Code   476  tft_driver.o(.text)
    TFT_DrawFont_Num32                       0x08001a71   Thumb Code   124  tft_driver.o(.text)
    clust2sect                               0x08001ca1   Thumb Code    26  ff.o(.text)
    get_fat                                  0x08001cbb   Thumb Code   228  ff.o(.text)
    put_fat                                  0x08001d9f   Thumb Code   310  ff.o(.text)
    gen_numname                              0x0800232f   Thumb Code   168  ff.o(.text)
    f_mount                                  0x08002fb1   Thumb Code    38  ff.o(.text)
    f_open                                   0x08002fd7   Thumb Code   388  ff.o(.text)
    f_read                                   0x0800315b   Thumb Code   460  ff.o(.text)
    f_write                                  0x08003327   Thumb Code   526  ff.o(.text)
    f_sync                                   0x08003535   Thumb Code   184  ff.o(.text)
    f_close                                  0x080035ed   Thumb Code    22  ff.o(.text)
    f_lseek                                  0x08003603   Thumb Code   432  ff.o(.text)
    f_opendir                                0x080037b3   Thumb Code   114  ff.o(.text)
    f_readdir                                0x08003825   Thumb Code    92  ff.o(.text)
    f_stat                                   0x08003881   Thumb Code    62  ff.o(.text)
    f_getfree                                0x080038bf   Thumb Code   276  ff.o(.text)
    f_truncate                               0x080039d3   Thumb Code   156  ff.o(.text)
    f_unlink                                 0x08003a6f   Thumb Code   182  ff.o(.text)
    f_mkdir                                  0x08003b25   Thumb Code   394  ff.o(.text)
    f_chmod                                  0x08003caf   Thumb Code    88  ff.o(.text)
    f_utime                                  0x08003d07   Thumb Code    90  ff.o(.text)
    f_rename                                 0x08003d61   Thumb Code   294  ff.o(.text)
    disk_initialize                          0x08003e8d   Thumb Code    52  diskio.o(.text)
    disk_status                              0x08003ec1   Thumb Code    30  diskio.o(.text)
    disk_read                                0x08003edf   Thumb Code    90  diskio.o(.text)
    disk_write                               0x08003f39   Thumb Code    90  diskio.o(.text)
    disk_ioctl                               0x08003f93   Thumb Code   162  diskio.o(.text)
    get_fattime                              0x08004035   Thumb Code     4  diskio.o(.text)
    ff_convert                               0x0800403d   Thumb Code    70  ccsbcs.o(.text)
    ff_wtoupper                              0x08004083   Thumb Code    46  ccsbcs.o(.text)
    MSD0_SPIHighSpeed                        0x080040bd   Thumb Code    84  spi_msd0_driver.o(.text)
    MSD0_SPI_Configuration                   0x08004111   Thumb Code   120  spi_msd0_driver.o(.text)
    MSD0_send_command_hold                   0x08004189   Thumb Code   108  spi_msd0_driver.o(.text)
    MSD0_send_command                        0x080041f5   Thumb Code   122  spi_msd0_driver.o(.text)
    MSD0_Init                                0x0800426f   Thumb Code   586  spi_msd0_driver.o(.text)
    MSD0_read_buffer                         0x080044b9   Thumb Code   140  spi_msd0_driver.o(.text)
    MSD0_GetCardInfo                         0x08004545   Thumb Code   716  spi_msd0_driver.o(.text)
    MSD0_ReadSingleBlock                     0x08004811   Thumb Code    62  spi_msd0_driver.o(.text)
    MSD0_ReadMultiBlock                      0x0800484f   Thumb Code   120  spi_msd0_driver.o(.text)
    MSD0_WriteSingleBlock                    0x080048c7   Thumb Code   200  spi_msd0_driver.o(.text)
    MSD0_WriteMultiBlock                     0x0800498f   Thumb Code   272  spi_msd0_driver.o(.text)
    delay_init                               0x08004aa9   Thumb Code    52  delay.o(.text)
    delay_ms                                 0x08004add   Thumb Code    56  delay.o(.text)
    delay_us                                 0x08004b15   Thumb Code    56  delay.o(.text)
    _sys_exit                                0x08004b55   Thumb Code     6  usart.o(.text)
    fputc                                    0x08004b5b   Thumb Code    24  usart.o(.text)
    uart_init                                0x08004b73   Thumb Code   152  usart.o(.text)
    USART1_IRQHandler                        0x08004c0b   Thumb Code   122  usart.o(.text)
    Reset_Handler                            0x08004c95   Thumb Code     8  startup_stm32f10x_md.o(.text)
    ADC1_2_IRQHandler                        0x08004caf   Thumb Code     0  startup_stm32f10x_md.o(.text)
    CAN1_RX1_IRQHandler                      0x08004caf   Thumb Code     0  startup_stm32f10x_md.o(.text)
    CAN1_SCE_IRQHandler                      0x08004caf   Thumb Code     0  startup_stm32f10x_md.o(.text)
    DMA1_Channel1_IRQHandler                 0x08004caf   Thumb Code     0  startup_stm32f10x_md.o(.text)
    DMA1_Channel2_IRQHandler                 0x08004caf   Thumb Code     0  startup_stm32f10x_md.o(.text)
    DMA1_Channel3_IRQHandler                 0x08004caf   Thumb Code     0  startup_stm32f10x_md.o(.text)
    DMA1_Channel4_IRQHandler                 0x08004caf   Thumb Code     0  startup_stm32f10x_md.o(.text)
    DMA1_Channel5_IRQHandler                 0x08004caf   Thumb Code     0  startup_stm32f10x_md.o(.text)
    DMA1_Channel6_IRQHandler                 0x08004caf   Thumb Code     0  startup_stm32f10x_md.o(.text)
    DMA1_Channel7_IRQHandler                 0x08004caf   Thumb Code     0  startup_stm32f10x_md.o(.text)
    EXTI0_IRQHandler                         0x08004caf   Thumb Code     0  startup_stm32f10x_md.o(.text)
    EXTI15_10_IRQHandler                     0x08004caf   Thumb Code     0  startup_stm32f10x_md.o(.text)
    EXTI1_IRQHandler                         0x08004caf   Thumb Code     0  startup_stm32f10x_md.o(.text)
    EXTI2_IRQHandler                         0x08004caf   Thumb Code     0  startup_stm32f10x_md.o(.text)
    EXTI3_IRQHandler                         0x08004caf   Thumb Code     0  startup_stm32f10x_md.o(.text)
    EXTI4_IRQHandler                         0x08004caf   Thumb Code     0  startup_stm32f10x_md.o(.text)
    EXTI9_5_IRQHandler                       0x08004caf   Thumb Code     0  startup_stm32f10x_md.o(.text)
    FLASH_IRQHandler                         0x08004caf   Thumb Code     0  startup_stm32f10x_md.o(.text)
    I2C1_ER_IRQHandler                       0x08004caf   Thumb Code     0  startup_stm32f10x_md.o(.text)
    I2C1_EV_IRQHandler                       0x08004caf   Thumb Code     0  startup_stm32f10x_md.o(.text)
    I2C2_ER_IRQHandler                       0x08004caf   Thumb Code     0  startup_stm32f10x_md.o(.text)
    I2C2_EV_IRQHandler                       0x08004caf   Thumb Code     0  startup_stm32f10x_md.o(.text)
    PVD_IRQHandler                           0x08004caf   Thumb Code     0  startup_stm32f10x_md.o(.text)
    RCC_IRQHandler                           0x08004caf   Thumb Code     0  startup_stm32f10x_md.o(.text)
    RTCAlarm_IRQHandler                      0x08004caf   Thumb Code     0  startup_stm32f10x_md.o(.text)
    RTC_IRQHandler                           0x08004caf   Thumb Code     0  startup_stm32f10x_md.o(.text)
    SPI1_IRQHandler                          0x08004caf   Thumb Code     0  startup_stm32f10x_md.o(.text)
    SPI2_IRQHandler                          0x08004caf   Thumb Code     0  startup_stm32f10x_md.o(.text)
    TAMPER_IRQHandler                        0x08004caf   Thumb Code     0  startup_stm32f10x_md.o(.text)
    TIM1_BRK_IRQHandler                      0x08004caf   Thumb Code     0  startup_stm32f10x_md.o(.text)
    TIM1_CC_IRQHandler                       0x08004caf   Thumb Code     0  startup_stm32f10x_md.o(.text)
    TIM1_TRG_COM_IRQHandler                  0x08004caf   Thumb Code     0  startup_stm32f10x_md.o(.text)
    TIM1_UP_IRQHandler                       0x08004caf   Thumb Code     0  startup_stm32f10x_md.o(.text)
    TIM2_IRQHandler                          0x08004caf   Thumb Code     0  startup_stm32f10x_md.o(.text)
    TIM3_IRQHandler                          0x08004caf   Thumb Code     0  startup_stm32f10x_md.o(.text)
    TIM4_IRQHandler                          0x08004caf   Thumb Code     0  startup_stm32f10x_md.o(.text)
    USART2_IRQHandler                        0x08004caf   Thumb Code     0  startup_stm32f10x_md.o(.text)
    USART3_IRQHandler                        0x08004caf   Thumb Code     0  startup_stm32f10x_md.o(.text)
    USBWakeUp_IRQHandler                     0x08004caf   Thumb Code     0  startup_stm32f10x_md.o(.text)
    USB_HP_CAN1_TX_IRQHandler                0x08004caf   Thumb Code     0  startup_stm32f10x_md.o(.text)
    USB_LP_CAN1_RX0_IRQHandler               0x08004caf   Thumb Code     0  startup_stm32f10x_md.o(.text)
    WWDG_IRQHandler                          0x08004caf   Thumb Code     0  startup_stm32f10x_md.o(.text)
    __user_initial_stackheap                 0x08004cb1   Thumb Code     0  startup_stm32f10x_md.o(.text)
    NVIC_PriorityGroupConfig                 0x08004cd5   Thumb Code    10  misc.o(.text)
    NVIC_Init                                0x08004cdf   Thumb Code   100  misc.o(.text)
    NVIC_SetVectorTable                      0x08004d43   Thumb Code    14  misc.o(.text)
    NVIC_SystemLPConfig                      0x08004d51   Thumb Code    34  misc.o(.text)
    SysTick_CLKSourceConfig                  0x08004d73   Thumb Code    40  misc.o(.text)
    GPIO_DeInit                              0x08004db1   Thumb Code   172  stm32f10x_gpio.o(.text)
    GPIO_AFIODeInit                          0x08004e5d   Thumb Code    20  stm32f10x_gpio.o(.text)
    GPIO_Init                                0x08004e71   Thumb Code   278  stm32f10x_gpio.o(.text)
    GPIO_StructInit                          0x08004f87   Thumb Code    16  stm32f10x_gpio.o(.text)
    GPIO_ReadInputDataBit                    0x08004f97   Thumb Code    18  stm32f10x_gpio.o(.text)
    GPIO_ReadInputData                       0x08004fa9   Thumb Code     8  stm32f10x_gpio.o(.text)
    GPIO_ReadOutputDataBit                   0x08004fb1   Thumb Code    18  stm32f10x_gpio.o(.text)
    GPIO_ReadOutputData                      0x08004fc3   Thumb Code     8  stm32f10x_gpio.o(.text)
    GPIO_SetBits                             0x08004fcb   Thumb Code     4  stm32f10x_gpio.o(.text)
    GPIO_ResetBits                           0x08004fcf   Thumb Code     4  stm32f10x_gpio.o(.text)
    GPIO_WriteBit                            0x08004fd3   Thumb Code    10  stm32f10x_gpio.o(.text)
    GPIO_Write                               0x08004fdd   Thumb Code     4  stm32f10x_gpio.o(.text)
    GPIO_PinLockConfig                       0x08004fe1   Thumb Code    18  stm32f10x_gpio.o(.text)
    GPIO_EventOutputConfig                   0x08004ff3   Thumb Code    26  stm32f10x_gpio.o(.text)
    GPIO_EventOutputCmd                      0x0800500d   Thumb Code     6  stm32f10x_gpio.o(.text)
    GPIO_PinRemapConfig                      0x08005013   Thumb Code   138  stm32f10x_gpio.o(.text)
    GPIO_EXTILineConfig                      0x0800509d   Thumb Code    66  stm32f10x_gpio.o(.text)
    GPIO_ETH_MediaInterfaceConfig            0x080050df   Thumb Code     8  stm32f10x_gpio.o(.text)
    RCC_DeInit                               0x0800510d   Thumb Code    64  stm32f10x_rcc.o(.text)
    RCC_HSEConfig                            0x0800514d   Thumb Code    70  stm32f10x_rcc.o(.text)
    RCC_GetFlagStatus                        0x08005193   Thumb Code    56  stm32f10x_rcc.o(.text)
    RCC_WaitForHSEStartUp                    0x080051cb   Thumb Code    56  stm32f10x_rcc.o(.text)
    RCC_AdjustHSICalibrationValue            0x08005203   Thumb Code    20  stm32f10x_rcc.o(.text)
    RCC_HSICmd                               0x08005217   Thumb Code     6  stm32f10x_rcc.o(.text)
    RCC_PLLConfig                            0x0800521d   Thumb Code    24  stm32f10x_rcc.o(.text)
    RCC_PLLCmd                               0x08005235   Thumb Code     6  stm32f10x_rcc.o(.text)
    RCC_SYSCLKConfig                         0x0800523b   Thumb Code    18  stm32f10x_rcc.o(.text)
    RCC_GetSYSCLKSource                      0x0800524d   Thumb Code    10  stm32f10x_rcc.o(.text)
    RCC_HCLKConfig                           0x08005257   Thumb Code    18  stm32f10x_rcc.o(.text)
    RCC_PCLK1Config                          0x08005269   Thumb Code    18  stm32f10x_rcc.o(.text)
    RCC_PCLK2Config                          0x0800527b   Thumb Code    20  stm32f10x_rcc.o(.text)
    RCC_ITConfig                             0x0800528f   Thumb Code    26  stm32f10x_rcc.o(.text)
    RCC_USBCLKConfig                         0x080052a9   Thumb Code     8  stm32f10x_rcc.o(.text)
    RCC_ADCCLKConfig                         0x080052b1   Thumb Code    18  stm32f10x_rcc.o(.text)
    RCC_LSEConfig                            0x080052c3   Thumb Code    50  stm32f10x_rcc.o(.text)
    RCC_LSICmd                               0x080052f5   Thumb Code     6  stm32f10x_rcc.o(.text)
    RCC_RTCCLKConfig                         0x080052fb   Thumb Code    12  stm32f10x_rcc.o(.text)
    RCC_RTCCLKCmd                            0x08005307   Thumb Code     8  stm32f10x_rcc.o(.text)
    RCC_GetClocksFreq                        0x0800530f   Thumb Code   192  stm32f10x_rcc.o(.text)
    RCC_AHBPeriphClockCmd                    0x080053cf   Thumb Code    26  stm32f10x_rcc.o(.text)
    RCC_APB2PeriphClockCmd                   0x080053e9   Thumb Code    26  stm32f10x_rcc.o(.text)
    RCC_APB1PeriphClockCmd                   0x08005403   Thumb Code    26  stm32f10x_rcc.o(.text)
    RCC_APB2PeriphResetCmd                   0x0800541d   Thumb Code    26  stm32f10x_rcc.o(.text)
    RCC_APB1PeriphResetCmd                   0x08005437   Thumb Code    26  stm32f10x_rcc.o(.text)
    RCC_BackupResetCmd                       0x08005451   Thumb Code     8  stm32f10x_rcc.o(.text)
    RCC_ClockSecuritySystemCmd               0x08005459   Thumb Code     6  stm32f10x_rcc.o(.text)
    RCC_MCOConfig                            0x0800545f   Thumb Code     6  stm32f10x_rcc.o(.text)
    RCC_ClearFlag                            0x08005465   Thumb Code    14  stm32f10x_rcc.o(.text)
    RCC_GetITStatus                          0x08005473   Thumb Code    20  stm32f10x_rcc.o(.text)
    RCC_ClearITPendingBit                    0x08005487   Thumb Code     6  stm32f10x_rcc.o(.text)
    SPI_I2S_DeInit                           0x080054b1   Thumb Code    76  stm32f10x_spi.o(.text)
    SPI_Init                                 0x080054fd   Thumb Code    60  stm32f10x_spi.o(.text)
    I2S_Init                                 0x08005539   Thumb Code   226  stm32f10x_spi.o(.text)
    SPI_StructInit                           0x0800561b   Thumb Code    24  stm32f10x_spi.o(.text)
    I2S_StructInit                           0x08005633   Thumb Code    20  stm32f10x_spi.o(.text)
    SPI_Cmd                                  0x08005647   Thumb Code    24  stm32f10x_spi.o(.text)
    I2S_Cmd                                  0x0800565f   Thumb Code    24  stm32f10x_spi.o(.text)
    SPI_I2S_ITConfig                         0x08005677   Thumb Code    32  stm32f10x_spi.o(.text)
    SPI_I2S_DMACmd                           0x08005697   Thumb Code    18  stm32f10x_spi.o(.text)
    SPI_I2S_SendData                         0x080056a9   Thumb Code     4  stm32f10x_spi.o(.text)
    SPI_I2S_ReceiveData                      0x080056ad   Thumb Code     6  stm32f10x_spi.o(.text)
    SPI_NSSInternalSoftwareConfig            0x080056b3   Thumb Code    30  stm32f10x_spi.o(.text)
    SPI_SSOutputCmd                          0x080056d1   Thumb Code    24  stm32f10x_spi.o(.text)
    SPI_DataSizeConfig                       0x080056e9   Thumb Code    18  stm32f10x_spi.o(.text)
    SPI_TransmitCRC                          0x080056fb   Thumb Code    10  stm32f10x_spi.o(.text)
    SPI_CalculateCRC                         0x08005705   Thumb Code    24  stm32f10x_spi.o(.text)
    SPI_GetCRC                               0x0800571d   Thumb Code    16  stm32f10x_spi.o(.text)
    SPI_GetCRCPolynomial                     0x0800572d   Thumb Code     6  stm32f10x_spi.o(.text)
    SPI_BiDirectionalLineConfig              0x08005733   Thumb Code    28  stm32f10x_spi.o(.text)
    SPI_I2S_GetFlagStatus                    0x0800574f   Thumb Code    18  stm32f10x_spi.o(.text)
    SPI_I2S_ClearFlag                        0x08005761   Thumb Code     6  stm32f10x_spi.o(.text)
    SPI_I2S_GetITStatus                      0x08005767   Thumb Code    52  stm32f10x_spi.o(.text)
    SPI_I2S_ClearITPendingBit                0x0800579b   Thumb Code    20  stm32f10x_spi.o(.text)
    USART_DeInit                             0x080057bd   Thumb Code   134  stm32f10x_usart.o(.text)
    USART_Init                               0x08005843   Thumb Code   210  stm32f10x_usart.o(.text)
    USART_StructInit                         0x08005915   Thumb Code    24  stm32f10x_usart.o(.text)
    USART_ClockInit                          0x0800592d   Thumb Code    34  stm32f10x_usart.o(.text)
    USART_ClockStructInit                    0x0800594f   Thumb Code    12  stm32f10x_usart.o(.text)
    USART_Cmd                                0x0800595b   Thumb Code    24  stm32f10x_usart.o(.text)
    USART_ITConfig                           0x08005973   Thumb Code    74  stm32f10x_usart.o(.text)
    USART_DMACmd                             0x080059bd   Thumb Code    18  stm32f10x_usart.o(.text)
    USART_SetAddress                         0x080059cf   Thumb Code    18  stm32f10x_usart.o(.text)
    USART_WakeUpConfig                       0x080059e1   Thumb Code    18  stm32f10x_usart.o(.text)
    USART_ReceiverWakeUpCmd                  0x080059f3   Thumb Code    24  stm32f10x_usart.o(.text)
    USART_LINBreakDetectLengthConfig         0x08005a0b   Thumb Code    18  stm32f10x_usart.o(.text)
    USART_LINCmd                             0x08005a1d   Thumb Code    24  stm32f10x_usart.o(.text)
    USART_SendData                           0x08005a35   Thumb Code     8  stm32f10x_usart.o(.text)
    USART_ReceiveData                        0x08005a3d   Thumb Code    10  stm32f10x_usart.o(.text)
    USART_SendBreak                          0x08005a47   Thumb Code    10  stm32f10x_usart.o(.text)
    USART_SetGuardTime                       0x08005a51   Thumb Code    16  stm32f10x_usart.o(.text)
    USART_SetPrescaler                       0x08005a61   Thumb Code    16  stm32f10x_usart.o(.text)
    USART_SmartCardCmd                       0x08005a71   Thumb Code    24  stm32f10x_usart.o(.text)
    USART_SmartCardNACKCmd                   0x08005a89   Thumb Code    24  stm32f10x_usart.o(.text)
    USART_HalfDuplexCmd                      0x08005aa1   Thumb Code    24  stm32f10x_usart.o(.text)
    USART_OverSampling8Cmd                   0x08005ab9   Thumb Code    22  stm32f10x_usart.o(.text)
    USART_OneBitMethodCmd                    0x08005acf   Thumb Code    24  stm32f10x_usart.o(.text)
    USART_IrDAConfig                         0x08005ae7   Thumb Code    18  stm32f10x_usart.o(.text)
    USART_IrDACmd                            0x08005af9   Thumb Code    24  stm32f10x_usart.o(.text)
    USART_GetFlagStatus                      0x08005b11   Thumb Code    26  stm32f10x_usart.o(.text)
    USART_ClearFlag                          0x08005b2b   Thumb Code    18  stm32f10x_usart.o(.text)
    USART_GetITStatus                        0x08005b3d   Thumb Code    84  stm32f10x_usart.o(.text)
    USART_ClearITPendingBit                  0x08005b91   Thumb Code    52  stm32f10x_usart.o(.text)
    __use_no_semihosting                     0x08005bc5   Thumb Code     2  use_no_semi_2.o(.text)
    __2printf                                0x08005bc9   Thumb Code    20  noretval__2printf.o(.text)
    __2sprintf                               0x08005be1   Thumb Code    34  noretval__2sprintf.o(.text)
    __printf                                 0x08005c09   Thumb Code   104  __printf.o(.text)
    _printf_str                              0x08005c71   Thumb Code    82  _printf_str.o(.text)
    _printf_int_dec                          0x08005cc5   Thumb Code   104  _printf_dec.o(.text)
    strlen                                   0x08005d3d   Thumb Code    62  strlen.o(.text)
    __use_two_region_memory                  0x08005d7b   Thumb Code     2  heapauxi.o(.text)
    __rt_heap_escrow$2region                 0x08005d7d   Thumb Code     2  heapauxi.o(.text)
    __rt_heap_expand$2region                 0x08005d7f   Thumb Code     2  heapauxi.o(.text)
    __I$use$semihosting                      0x08005d81   Thumb Code     0  use_no_semi.o(.text)
    __use_no_semihosting_swi                 0x08005d81   Thumb Code     2  use_no_semi.o(.text)
    _printf_int_common                       0x08005d83   Thumb Code   178  _printf_intcommon.o(.text)
    _printf_char_common                      0x08005e3f   Thumb Code    32  _printf_char_common.o(.text)
    _sputc                                   0x08005e65   Thumb Code    10  _sputc.o(.text)
    _printf_cs_common                        0x08005e6f   Thumb Code    20  _printf_char.o(.text)
    _printf_char                             0x08005e83   Thumb Code    16  _printf_char.o(.text)
    _printf_string                           0x08005e93   Thumb Code     8  _printf_char.o(.text)
    _printf_char_file                        0x08005e9d   Thumb Code    32  _printf_char_file.o(.text)
    ferror                                   0x08005ec1   Thumb Code     8  ferror.o(.text)
    __user_setup_stackheap                   0x08005ec9   Thumb Code    74  sys_stackheap_outer.o(.text)
    exit                                     0x08005f13   Thumb Code    12  exit.o(.text)
    __user_libspace                          0x08005f21   Thumb Code     8  libspace.o(.text)
    __user_perproc_libspace                  0x08005f21   Thumb Code     0  libspace.o(.text)
    __user_perthread_libspace                0x08005f21   Thumb Code     0  libspace.o(.text)
    MSD0_spi_read_write                      0x08005f29   Thumb Code    40  spi_msd0_driver.o(i.MSD0_spi_read_write)
    asc16                                    0x08005f54   Data        1521  tft_driver.o(.constdata)
    sz32                                     0x08006545   Data        1921  tft_driver.o(.constdata)
    hz16                                     0x08006cc6   Data        2940  tft_driver.o(.constdata)
    hz24                                     0x08007842   Data        2625  tft_driver.o(.constdata)
    Region$$Table$$Base                      0x08008920   Number         0  anon$$obj.o(Region$$Table)
    Region$$Table$$Limit                     0x08008940   Number         0  anon$$obj.o(Region$$Table)
    GPIO_InitStructure                       0x20000000   Data           4  main.o(.data)
    Num                                      0x20000004   Data          10  main.o(.data)
    res                                      0x2000000e   Data           1  main.o(.data)
    br                                       0x20000010   Data           4  main.o(.data)
    bw                                       0x20000014   Data           4  main.o(.data)
    path0                                    0x20000018   Data         512  main.o(.data)
    textFileBuffer                           0x20000218   Data          55  main.o(.data)
    SystemCoreClock                          0x20000250   Data           4  system_stm32f10x.o(.data)
    AHBPrescTable                            0x20000254   Data          16  system_stm32f10x.o(.data)
    __stdout                                 0x20000270   Data           4  usart.o(.data)
    USART_RX_STA                             0x20000274   Data           1  usart.o(.data)
    fs                                       0x2000028c   Data         560  main.o(.bss)
    fsrc                                     0x200004bc   Data         548  main.o(.bss)
    fdst                                     0x200006e0   Data         548  main.o(.bss)
    buffer                                   0x20000904   Data        4096  main.o(.bss)
    SD0_CardInfo                             0x20001c04   Data          88  spi_msd0_driver.o(.bss)
    USART_RX_BUF                             0x20001c5c   Data          64  usart.o(.bss)
    __libspace_start                         0x20001c9c   Data          96  libspace.o(.bss)
    __temporary_stack_top$libspace           0x20001cfc   Data           0  libspace.o(.bss)



==============================================================================

Memory Map of the image

  Image Entry point : 0x080000ed

  Load Region LR_IROM1 (Base: 0x08000000, Size: 0x00008bcc, Max: 0x00010000, ABSOLUTE, COMPRESSED[0x000089a4])

    Execution Region ER_IROM1 (Base: 0x08000000, Size: 0x00008940, Max: 0x00010000, ABSOLUTE)

    Base Addr    Size         Type   Attr      Idx    E Section Name        Object

    0x08000000   0x000000ec   Data   RO          377    RESET               startup_stm32f10x_md.o
    0x080000ec   0x00000008   Code   RO          633  * !!!main             c_w.l(__main.o)
    0x080000f4   0x00000034   Code   RO          806    !!!scatter          c_w.l(__scatter.o)
    0x08000128   0x0000005a   Code   RO          804    !!dczerorl2         c_w.l(__dczerorl2.o)
    0x08000182   0x00000002   PAD
    0x08000184   0x0000001c   Code   RO          808    !!handler_zi        c_w.l(__scatter_zi.o)
    0x080001a0   0x00000000   Code   RO          628    .ARM.Collect$$_printf_percent$$00000000  c_w.l(_printf_percent.o)
    0x080001a0   0x00000006   Code   RO          627    .ARM.Collect$$_printf_percent$$00000009  c_w.l(_printf_d.o)
    0x080001a6   0x00000006   Code   RO          626    .ARM.Collect$$_printf_percent$$00000014  c_w.l(_printf_s.o)
    0x080001ac   0x00000004   Code   RO          648    .ARM.Collect$$_printf_percent$$00000017  c_w.l(_printf_percent_end.o)
    0x080001b0   0x00000002   Code   RO          679    .ARM.Collect$$libinit$$00000000  c_w.l(libinit.o)
    0x080001b2   0x00000000   Code   RO          686    .ARM.Collect$$libinit$$00000002  c_w.l(libinit2.o)
    0x080001b2   0x00000000   Code   RO          688    .ARM.Collect$$libinit$$00000004  c_w.l(libinit2.o)
    0x080001b2   0x00000000   Code   RO          691    .ARM.Collect$$libinit$$0000000A  c_w.l(libinit2.o)
    0x080001b2   0x00000000   Code   RO          693    .ARM.Collect$$libinit$$0000000C  c_w.l(libinit2.o)
    0x080001b2   0x00000000   Code   RO          695    .ARM.Collect$$libinit$$0000000E  c_w.l(libinit2.o)
    0x080001b2   0x00000000   Code   RO          698    .ARM.Collect$$libinit$$00000011  c_w.l(libinit2.o)
    0x080001b2   0x00000000   Code   RO          700    .ARM.Collect$$libinit$$00000013  c_w.l(libinit2.o)
    0x080001b2   0x00000000   Code   RO          702    .ARM.Collect$$libinit$$00000015  c_w.l(libinit2.o)
    0x080001b2   0x00000000   Code   RO          704    .ARM.Collect$$libinit$$00000017  c_w.l(libinit2.o)
    0x080001b2   0x00000000   Code   RO          706    .ARM.Collect$$libinit$$00000019  c_w.l(libinit2.o)
    0x080001b2   0x00000000   Code   RO          708    .ARM.Collect$$libinit$$0000001B  c_w.l(libinit2.o)
    0x080001b2   0x00000000   Code   RO          710    .ARM.Collect$$libinit$$0000001D  c_w.l(libinit2.o)
    0x080001b2   0x00000000   Code   RO          712    .ARM.Collect$$libinit$$0000001F  c_w.l(libinit2.o)
    0x080001b2   0x00000000   Code   RO          714    .ARM.Collect$$libinit$$00000021  c_w.l(libinit2.o)
    0x080001b2   0x00000000   Code   RO          716    .ARM.Collect$$libinit$$00000023  c_w.l(libinit2.o)
    0x080001b2   0x00000000   Code   RO          718    .ARM.Collect$$libinit$$00000025  c_w.l(libinit2.o)
    0x080001b2   0x00000000   Code   RO          722    .ARM.Collect$$libinit$$0000002C  c_w.l(libinit2.o)
    0x080001b2   0x00000000   Code   RO          724    .ARM.Collect$$libinit$$0000002E  c_w.l(libinit2.o)
    0x080001b2   0x00000000   Code   RO          726    .ARM.Collect$$libinit$$00000030  c_w.l(libinit2.o)
    0x080001b2   0x00000000   Code   RO          728    .ARM.Collect$$libinit$$00000032  c_w.l(libinit2.o)
    0x080001b2   0x00000002   Code   RO          729    .ARM.Collect$$libinit$$00000033  c_w.l(libinit2.o)
    0x080001b4   0x00000002   Code   RO          747    .ARM.Collect$$libshutdown$$00000000  c_w.l(libshutdown.o)
    0x080001b6   0x00000000   Code   RO          758    .ARM.Collect$$libshutdown$$00000003  c_w.l(libshutdown2.o)
    0x080001b6   0x00000000   Code   RO          761    .ARM.Collect$$libshutdown$$00000006  c_w.l(libshutdown2.o)
    0x080001b6   0x00000000   Code   RO          764    .ARM.Collect$$libshutdown$$00000009  c_w.l(libshutdown2.o)
    0x080001b6   0x00000000   Code   RO          766    .ARM.Collect$$libshutdown$$0000000B  c_w.l(libshutdown2.o)
    0x080001b6   0x00000000   Code   RO          769    .ARM.Collect$$libshutdown$$0000000E  c_w.l(libshutdown2.o)
    0x080001b6   0x00000002   Code   RO          770    .ARM.Collect$$libshutdown$$0000000F  c_w.l(libshutdown2.o)
    0x080001b8   0x00000000   Code   RO          637    .ARM.Collect$$rtentry$$00000000  c_w.l(__rtentry.o)
    0x080001b8   0x00000000   Code   RO          650    .ARM.Collect$$rtentry$$00000002  c_w.l(__rtentry2.o)
    0x080001b8   0x00000006   Code   RO          662    .ARM.Collect$$rtentry$$00000004  c_w.l(__rtentry4.o)
    0x080001be   0x00000000   Code   RO          652    .ARM.Collect$$rtentry$$00000009  c_w.l(__rtentry2.o)
    0x080001be   0x00000004   Code   RO          653    .ARM.Collect$$rtentry$$0000000A  c_w.l(__rtentry2.o)
    0x080001c2   0x00000000   Code   RO          655    .ARM.Collect$$rtentry$$0000000C  c_w.l(__rtentry2.o)
    0x080001c2   0x00000008   Code   RO          656    .ARM.Collect$$rtentry$$0000000D  c_w.l(__rtentry2.o)
    0x080001ca   0x00000002   Code   RO          683    .ARM.Collect$$rtexit$$00000000  c_w.l(rtexit.o)
    0x080001cc   0x00000000   Code   RO          731    .ARM.Collect$$rtexit$$00000002  c_w.l(rtexit2.o)
    0x080001cc   0x00000004   Code   RO          732    .ARM.Collect$$rtexit$$00000003  c_w.l(rtexit2.o)
    0x080001d0   0x00000006   Code   RO          733    .ARM.Collect$$rtexit$$00000004  c_w.l(rtexit2.o)
    0x080001d6   0x00000002   PAD
    0x080001d8   0x00000934   Code   RO            1    .text               main.o
    0x08000b0c   0x0000001a   Code   RO          138    .text               stm32f10x_it.o
    0x08000b26   0x00000002   PAD
    0x08000b28   0x000001e0   Code   RO          153    .text               system_stm32f10x.o
    0x08000d08   0x00000df4   Code   RO          212    .text               tft_driver.o
    0x08001afc   0x00002390   Code   RO          230    .text               ff.o
    0x08003e8c   0x000001b0   Code   RO          252    .text               diskio.o
    0x0800403c   0x00000080   Code   RO          268    .text               ccsbcs.o
    0x080040bc   0x000009ec   Code   RO          291    .text               spi_msd0_driver.o
    0x08004aa8   0x000000ac   Code   RO          312    .text               delay.o
    0x08004b54   0x00000140   Code   RO          341    .text               usart.o
    0x08004c94   0x00000040   Code   RO          378    .text               startup_stm32f10x_md.o
    0x08004cd4   0x000000dc   Code   RO          382    .text               misc.o
    0x08004db0   0x0000035c   Code   RO          466    .text               stm32f10x_gpio.o
    0x0800510c   0x000003a4   Code   RO          514    .text               stm32f10x_rcc.o
    0x080054b0   0x0000030c   Code   RO          540    .text               stm32f10x_spi.o
    0x080057bc   0x00000408   Code   RO          564    .text               stm32f10x_usart.o
    0x08005bc4   0x00000002   Code   RO          590    .text               c_w.l(use_no_semi_2.o)
    0x08005bc6   0x00000002   PAD
    0x08005bc8   0x00000018   Code   RO          596    .text               c_w.l(noretval__2printf.o)
    0x08005be0   0x00000028   Code   RO          598    .text               c_w.l(noretval__2sprintf.o)
    0x08005c08   0x00000068   Code   RO          600    .text               c_w.l(__printf.o)
    0x08005c70   0x00000052   Code   RO          602    .text               c_w.l(_printf_str.o)
    0x08005cc2   0x00000002   PAD
    0x08005cc4   0x00000078   Code   RO          604    .text               c_w.l(_printf_dec.o)
    0x08005d3c   0x0000003e   Code   RO          629    .text               c_w.l(strlen.o)
    0x08005d7a   0x00000006   Code   RO          631    .text               c_w.l(heapauxi.o)
    0x08005d80   0x00000002   Code   RO          635    .text               c_w.l(use_no_semi.o)
    0x08005d82   0x000000b2   Code   RO          638    .text               c_w.l(_printf_intcommon.o)
    0x08005e34   0x00000030   Code   RO          640    .text               c_w.l(_printf_char_common.o)
    0x08005e64   0x0000000a   Code   RO          642    .text               c_w.l(_sputc.o)
    0x08005e6e   0x0000002c   Code   RO          644    .text               c_w.l(_printf_char.o)
    0x08005e9a   0x00000002   PAD
    0x08005e9c   0x00000024   Code   RO          646    .text               c_w.l(_printf_char_file.o)
    0x08005ec0   0x00000008   Code   RO          666    .text               c_w.l(ferror.o)
    0x08005ec8   0x0000004a   Code   RO          670    .text               c_w.l(sys_stackheap_outer.o)
    0x08005f12   0x0000000c   Code   RO          672    .text               c_w.l(exit.o)
    0x08005f1e   0x00000002   PAD
    0x08005f20   0x00000008   Code   RO          680    .text               c_w.l(libspace.o)
    0x08005f28   0x0000002c   Code   RO          303    i.MSD0_spi_read_write  spi_msd0_driver.o
    0x08005f54   0x0000232f   Data   RO          213    .constdata          tft_driver.o
    0x08008283   0x0000008d   Data   RO          232    .constdata          ff.o
    0x08008310   0x000004c0   Data   RO          269    .constdata          ccsbcs.o
    0x080087d0   0x0000014e   Data   RO            3    .conststring        main.o
    0x0800891e   0x00000002   PAD
    0x08008920   0x00000020   Data   RO          802    Region$$Table       anon$$obj.o


    Execution Region RW_IRAM1 (Base: 0x20000000, Size: 0x00002300, Max: 0x00005000, ABSOLUTE, COMPRESSED[0x00000064])

    Base Addr    Size         Type   Attr      Idx    E Section Name        Object

    0x20000000   0x0000024f   Data   RW            4    .data               main.o
    0x2000024f   0x00000001   PAD
    0x20000250   0x00000014   Data   RW          154    .data               system_stm32f10x.o
    0x20000264   0x00000006   Data   RW          233    .data               ff.o
    0x2000026a   0x00000004   Data   RW          313    .data               delay.o
    0x2000026e   0x00000002   PAD
    0x20000270   0x00000005   Data   RW          343    .data               usart.o
    0x20000275   0x00000014   Data   RW          515    .data               stm32f10x_rcc.o
    0x20000289   0x00000003   PAD
    0x2000028c   0x00001778   Zero   RW            2    .bss                main.o
    0x20001a04   0x00000200   Zero   RW          231    .bss                ff.o
    0x20001c04   0x00000058   Zero   RW          292    .bss                spi_msd0_driver.o
    0x20001c5c   0x00000040   Zero   RW          342    .bss                usart.o
    0x20001c9c   0x00000060   Zero   RW          681    .bss                c_w.l(libspace.o)
    0x20001cfc   0x00000004   PAD
    0x20001d00   0x00000200   Zero   RW          376    HEAP                startup_stm32f10x_md.o
    0x20001f00   0x00000400   Zero   RW          375    STACK               startup_stm32f10x_md.o


==============================================================================

Image component sizes


      Code (inc. data)   RO Data    RW Data    ZI Data      Debug   Object Name

       128         12       1216          0          0       1981   ccsbcs.o
         0          0          0          0          0         32   core_cm3.o
       172          8          0          4          0        959   delay.o
       432         36          0          0          0       4757   diskio.o
      9104         62        141          6        512      27928   ff.o
         0          0          0          0          0     203284   led.o
      2356        922        334        591       6008     242382   main.o
       220         22          0          0          0       1705   misc.o
      2584         42          0          0         88       6409   spi_msd0_driver.o
        64         26        236          0       1536        756   startup_stm32f10x_md.o
       860         38          0          0          0       5553   stm32f10x_gpio.o
        26          0          0          0          0       1134   stm32f10x_it.o
       932         36          0         20          0       8680   stm32f10x_rcc.o
       780         14          0          0          0       6434   stm32f10x_spi.o
      1032         22          0          0          0       8276   stm32f10x_usart.o
       480         38          0         20          0       1599   system_stm32f10x.o
      3572         34       9007          0          0       8897   tft_driver.o
       320         16          0          5         64       2998   usart.o

    ----------------------------------------------------------------------
     23064       1328      10968        652       8208     533764   Object Totals
         0          0         32          0          0          0   (incl. Generated)
         2          0          2          6          0          0   (incl. Padding)

    ----------------------------------------------------------------------

      Code (inc. data)   RO Data    RW Data    ZI Data      Debug   Library Member Name

        90          0          0          0          0          0   __dczerorl2.o
         8          0          0          0          0         68   __main.o
       104          0          0          0          0         84   __printf.o
         0          0          0          0          0          0   __rtentry.o
        12          0          0          0          0          0   __rtentry2.o
         6          0          0          0          0          0   __rtentry4.o
        52          8          0          0          0          0   __scatter.o
        28          0          0          0          0          0   __scatter_zi.o
        44          0          0          0          0        108   _printf_char.o
        48          6          0          0          0         96   _printf_char_common.o
        36          4          0          0          0         80   _printf_char_file.o
         6          0          0          0          0          0   _printf_d.o
       120         16          0          0          0         92   _printf_dec.o
       178          0          0          0          0         88   _printf_intcommon.o
         0          0          0          0          0          0   _printf_percent.o
         4          0          0          0          0          0   _printf_percent_end.o
         6          0          0          0          0          0   _printf_s.o
        82          0          0          0          0         80   _printf_str.o
        10          0          0          0          0         68   _sputc.o
        12          0          0          0          0         72   exit.o
         8          0          0          0          0         68   ferror.o
         6          0          0          0          0        152   heapauxi.o
         2          0          0          0          0          0   libinit.o
         2          0          0          0          0          0   libinit2.o
         2          0          0          0          0          0   libshutdown.o
         2          0          0          0          0          0   libshutdown2.o
         8          4          0          0         96         68   libspace.o
        24          4          0          0          0         84   noretval__2printf.o
        40          6          0          0          0         84   noretval__2sprintf.o
         2          0          0          0          0          0   rtexit.o
        10          0          0          0          0          0   rtexit2.o
        62          0          0          0          0         76   strlen.o
        74          0          0          0          0         80   sys_stackheap_outer.o
         2          0          0          0          0         68   use_no_semi.o
         2          0          0          0          0         68   use_no_semi_2.o

    ----------------------------------------------------------------------
      1104         48          0          0        100       1584   Library Totals
        12          0          0          0          4          0   (incl. Padding)

    ----------------------------------------------------------------------

      Code (inc. data)   RO Data    RW Data    ZI Data      Debug   Library Name

      1092         48          0          0         96       1584   c_w.l

    ----------------------------------------------------------------------
      1104         48          0          0        100       1584   Library Totals

    ----------------------------------------------------------------------

==============================================================================


      Code (inc. data)   RO Data    RW Data    ZI Data      Debug   

     24168       1376      10968        652       8308     533160   Grand Totals
     24168       1376      10968        100       8308     533160   ELF Image Totals (compressed)
     24168       1376      10968        100          0          0   ROM Totals

==============================================================================

    Total RO  Size (Code + RO Data)                35136 (  34.31kB)
    Total RW  Size (RW Data + ZI Data)              8960 (   8.75kB)
    Total ROM Size (Code + RO Data + RW Data)      35236 (  34.41kB)

==============================================================================

